Archive member included to satisfy reference by file (symbol)

/opt/st/stm32cubeide_1.10.1/plugins/com.st.stm32cube.ide.mcu.externaltools.gnu-tools-for-stm32.10.3-2021.10.linux64_1.0.0.202111181127/tools/bin/../lib/gcc/arm-none-eabi/10.3.1/../../../../arm-none-eabi/lib/thumb/v6-m/nofp/libc_nano.a(lib_a-errno.o)
                              ./Core/Src/syscalls.o (__errno)
/opt/st/stm32cubeide_1.10.1/plugins/com.st.stm32cube.ide.mcu.externaltools.gnu-tools-for-stm32.10.3-2021.10.linux64_1.0.0.202111181127/tools/bin/../lib/gcc/arm-none-eabi/10.3.1/../../../../arm-none-eabi/lib/thumb/v6-m/nofp/libc_nano.a(lib_a-exit.o)
                              /opt/st/stm32cubeide_1.10.1/plugins/com.st.stm32cube.ide.mcu.externaltools.gnu-tools-for-stm32.10.3-2021.10.linux64_1.0.0.202111181127/tools/bin/../lib/gcc/arm-none-eabi/10.3.1/../../../../arm-none-eabi/lib/thumb/v6-m/nofp/crt0.o (exit)
/opt/st/stm32cubeide_1.10.1/plugins/com.st.stm32cube.ide.mcu.externaltools.gnu-tools-for-stm32.10.3-2021.10.linux64_1.0.0.202111181127/tools/bin/../lib/gcc/arm-none-eabi/10.3.1/../../../../arm-none-eabi/lib/thumb/v6-m/nofp/libc_nano.a(lib_a-impure.o)
                              /opt/st/stm32cubeide_1.10.1/plugins/com.st.stm32cube.ide.mcu.externaltools.gnu-tools-for-stm32.10.3-2021.10.linux64_1.0.0.202111181127/tools/bin/../lib/gcc/arm-none-eabi/10.3.1/../../../../arm-none-eabi/lib/thumb/v6-m/nofp/libc_nano.a(lib_a-exit.o) (_global_impure_ptr)
/opt/st/stm32cubeide_1.10.1/plugins/com.st.stm32cube.ide.mcu.externaltools.gnu-tools-for-stm32.10.3-2021.10.linux64_1.0.0.202111181127/tools/bin/../lib/gcc/arm-none-eabi/10.3.1/../../../../arm-none-eabi/lib/thumb/v6-m/nofp/libc_nano.a(lib_a-init.o)
                              /opt/st/stm32cubeide_1.10.1/plugins/com.st.stm32cube.ide.mcu.externaltools.gnu-tools-for-stm32.10.3-2021.10.linux64_1.0.0.202111181127/tools/bin/../lib/gcc/arm-none-eabi/10.3.1/../../../../arm-none-eabi/lib/thumb/v6-m/nofp/crt0.o (__libc_init_array)
/opt/st/stm32cubeide_1.10.1/plugins/com.st.stm32cube.ide.mcu.externaltools.gnu-tools-for-stm32.10.3-2021.10.linux64_1.0.0.202111181127/tools/bin/../lib/gcc/arm-none-eabi/10.3.1/../../../../arm-none-eabi/lib/thumb/v6-m/nofp/libc_nano.a(lib_a-memset.o)
                              /opt/st/stm32cubeide_1.10.1/plugins/com.st.stm32cube.ide.mcu.externaltools.gnu-tools-for-stm32.10.3-2021.10.linux64_1.0.0.202111181127/tools/bin/../lib/gcc/arm-none-eabi/10.3.1/../../../../arm-none-eabi/lib/thumb/v6-m/nofp/crt0.o (memset)
/opt/st/stm32cubeide_1.10.1/plugins/com.st.stm32cube.ide.mcu.externaltools.gnu-tools-for-stm32.10.3-2021.10.linux64_1.0.0.202111181127/tools/bin/../lib/gcc/arm-none-eabi/10.3.1/../../../../arm-none-eabi/lib/thumb/v6-m/nofp/libc_nano.a(lib_a-nano-vfprintf_float.o)
                              (_printf_float)
/opt/st/stm32cubeide_1.10.1/plugins/com.st.stm32cube.ide.mcu.externaltools.gnu-tools-for-stm32.10.3-2021.10.linux64_1.0.0.202111181127/tools/bin/../lib/gcc/arm-none-eabi/10.3.1/../../../../arm-none-eabi/lib/thumb/v6-m/nofp/libc_nano.a(lib_a-nano-vfprintf_i.o)
                              /opt/st/stm32cubeide_1.10.1/plugins/com.st.stm32cube.ide.mcu.externaltools.gnu-tools-for-stm32.10.3-2021.10.linux64_1.0.0.202111181127/tools/bin/../lib/gcc/arm-none-eabi/10.3.1/../../../../arm-none-eabi/lib/thumb/v6-m/nofp/libc_nano.a(lib_a-nano-vfprintf_float.o) (_printf_common)
/opt/st/stm32cubeide_1.10.1/plugins/com.st.stm32cube.ide.mcu.externaltools.gnu-tools-for-stm32.10.3-2021.10.linux64_1.0.0.202111181127/tools/bin/../lib/gcc/arm-none-eabi/10.3.1/../../../../arm-none-eabi/lib/thumb/v6-m/nofp/libc_nano.a(lib_a-snprintf.o)
                              ./Core/Src/main.o (snprintf)
/opt/st/stm32cubeide_1.10.1/plugins/com.st.stm32cube.ide.mcu.externaltools.gnu-tools-for-stm32.10.3-2021.10.linux64_1.0.0.202111181127/tools/bin/../lib/gcc/arm-none-eabi/10.3.1/../../../../arm-none-eabi/lib/thumb/v6-m/nofp/libc_nano.a(lib_a-sprintf.o)
                              ./Core/Src/main.o (sprintf)
/opt/st/stm32cubeide_1.10.1/plugins/com.st.stm32cube.ide.mcu.externaltools.gnu-tools-for-stm32.10.3-2021.10.linux64_1.0.0.202111181127/tools/bin/../lib/gcc/arm-none-eabi/10.3.1/../../../../arm-none-eabi/lib/thumb/v6-m/nofp/libc_nano.a(lib_a-strlen.o)
                              ./Core/Src/main.o (strlen)
/opt/st/stm32cubeide_1.10.1/plugins/com.st.stm32cube.ide.mcu.externaltools.gnu-tools-for-stm32.10.3-2021.10.linux64_1.0.0.202111181127/tools/bin/../lib/gcc/arm-none-eabi/10.3.1/../../../../arm-none-eabi/lib/thumb/v6-m/nofp/libc_nano.a(lib_a-dtoa.o)
                              /opt/st/stm32cubeide_1.10.1/plugins/com.st.stm32cube.ide.mcu.externaltools.gnu-tools-for-stm32.10.3-2021.10.linux64_1.0.0.202111181127/tools/bin/../lib/gcc/arm-none-eabi/10.3.1/../../../../arm-none-eabi/lib/thumb/v6-m/nofp/libc_nano.a(lib_a-nano-vfprintf_float.o) (_dtoa_r)
[...]
Memory Configuration

Name             Origin             Length             Attributes
RAM              0x0000000020000000 0x0000000000002000 xrw
FLASH            0x0000000008000000 0x0000000000010000 xr
*default*        0x0000000000000000 0xffffffffffffffff

Linker script and memory map

LOAD /opt/st/stm32cubeide_1.10.1/plugins/com.st.stm32cube.ide.mcu.externaltools.gnu-tools-for-stm32.10.3-2021.10.linux64_1.0.0.202111181127/tools/bin/../lib/gcc/arm-none-eabi/10.3.1/thumb/v6-m/nofp/crti.o
LOAD /opt/st/stm32cubeide_1.10.1/plugins/com.st.stm32cube.ide.mcu.externaltools.gnu-tools-for-stm32.10.3-2021.10.linux64_1.0.0.202111181127/tools/bin/../lib/gcc/arm-none-eabi/10.3.1/thumb/v6-m/nofp/crtbegin.o
LOAD /opt/st/stm32cubeide_1.10.1/plugins/com.st.stm32cube.ide.mcu.externaltools.gnu-tools-for-stm32.10.3-2021.10.linux64_1.0.0.202111181127/tools/bin/../lib/gcc/arm-none-eabi/10.3.1/../../../../arm-none-eabi/lib/thumb/v6-m/nofp/crt0.o
LOAD ./Core/Src/main.o
LOAD ./Core/Src/stm32f0xx_hal_msp.o
LOAD ./Core/Src/stm32f0xx_it.o
LOAD ./Core/Src/syscalls.o
LOAD ./Core/Src/sysmem.o
LOAD ./Core/Src/system_stm32f0xx.o
LOAD ./Core/Startup/startup_stm32f051r8tx.o
LOAD ./Drivers/STM32F0xx_HAL_Driver/Src/stm32f0xx_hal.o
LOAD ./Drivers/STM32F0xx_HAL_Driver/Src/stm32f0xx_hal_cortex.o
LOAD ./Drivers/STM32F0xx_HAL_Driver/Src/stm32f0xx_hal_dma.o
LOAD ./Drivers/STM32F0xx_HAL_Driver/Src/stm32f0xx_hal_exti.o
LOAD ./Drivers/STM32F0xx_HAL_Driver/Src/stm32f0xx_hal_flash.o
LOAD ./Drivers/STM32F0xx_HAL_Driver/Src/stm32f0xx_hal_flash_ex.o
LOAD ./Drivers/STM32F0xx_HAL_Driver/Src/stm32f0xx_hal_gpio.o
LOAD ./Drivers/STM32F0xx_HAL_Driver/Src/stm32f0xx_hal_i2c.o
LOAD ./Drivers/STM32F0xx_HAL_Driver/Src/stm32f0xx_hal_i2c_ex.o
LOAD ./Drivers/STM32F0xx_HAL_Driver/Src/stm32f0xx_hal_pwr.o
LOAD ./Drivers/STM32F0xx_HAL_Driver/Src/stm32f0xx_hal_pwr_ex.o
LOAD ./Drivers/STM32F0xx_HAL_Driver/Src/stm32f0xx_hal_rcc.o
LOAD ./Drivers/STM32F0xx_HAL_Driver/Src/stm32f0xx_hal_rcc_ex.o
LOAD ./Drivers/STM32F0xx_HAL_Driver/Src/stm32f0xx_hal_spi.o
LOAD ./Drivers/STM32F0xx_HAL_Driver/Src/stm32f0xx_hal_spi_ex.o
LOAD ./Drivers/STM32F0xx_HAL_Driver/Src/stm32f0xx_hal_tim.o
LOAD ./Drivers/STM32F0xx_HAL_Driver/Src/stm32f0xx_hal_tim_ex.o
LOAD ./Drivers/STM32F0xx_HAL_Driver/Src/stm32f0xx_hal_uart.o
LOAD ./Drivers/STM32F0xx_HAL_Driver/Src/stm32f0xx_hal_uart_ex.o
START GROUP
LOAD /opt/st/stm32cubeide_1.10.1/plugins/com.st.stm32cube.ide.mcu.externaltools.gnu-tools-for-stm32.10.3-2021.10.linux64_1.0.0.202111181127/tools/bin/../lib/gcc/arm-none-eabi/10.3.1/../../../../arm-none-eabi/lib/thumb/v6-m/nofp/libc_nano.a
LOAD /opt/st/stm32cubeide_1.10.1/plugins/com.st.stm32cube.ide.mcu.externaltools.gnu-tools-for-stm32.10.3-2021.10.linux64_1.0.0.202111181127/tools/bin/../lib/gcc/arm-none-eabi/10.3.1/../../../../arm-none-eabi/lib/thumb/v6-m/nofp/libm.a
END GROUP
START GROUP
LOAD /opt/st/stm32cubeide_1.10.1/plugins/com.st.stm32cube.ide.mcu.externaltools.gnu-tools-for-stm32.10.3-2021.10.linux64_1.0.0.202111181127/tools/bin/../lib/gcc/arm-none-eabi/10.3.1/thumb/v6-m/nofp/libgcc.a
LOAD /opt/st/stm32cubeide_1.10.1/plugins/com.st.stm32cube.ide.mcu.externaltools.gnu-tools-for-stm32.10.3-2021.10.linux64_1.0.0.202111181127/tools/bin/../lib/gcc/arm-none-eabi/10.3.1/../../../../arm-none-eabi/lib/thumb/v6-m/nofp/libc_nano.a
END GROUP
START GROUP
LOAD /opt/st/stm32cubeide_1.10.1/plugins/com.st.stm32cube.ide.mcu.externaltools.gnu-tools-for-stm32.10.3-2021.10.linux64_1.0.0.202111181127/tools/bin/../lib/gcc/arm-none-eabi/10.3.1/thumb/v6-m/nofp/libgcc.a
LOAD /opt/st/stm32cubeide_1.10.1/plugins/com.st.stm32cube.ide.mcu.externaltools.gnu-tools-for-stm32.10.3-2021.10.linux64_1.0.0.202111181127/tools/bin/../lib/gcc/arm-none-eabi/10.3.1/../../../../arm-none-eabi/lib/thumb/v6-m/nofp/libc_nano.a
LOAD /opt/st/stm32cubeide_1.10.1/plugins/com.st.stm32cube.ide.mcu.externaltools.gnu-tools-for-stm32.10.3-2021.10.linux64_1.0.0.202111181127/tools/bin/../lib/gcc/arm-none-eabi/10.3.1/../../../../arm-none-eabi/lib/thumb/v6-m/nofp/libnosys.a
END GROUP
START GROUP
LOAD /opt/st/stm32cubeide_1.10.1/plugins/com.st.stm32cube.ide.mcu.externaltools.gnu-tools-for-stm32.10.3-2021.10.linux64_1.0.0.202111181127/tools/bin/../lib/gcc/arm-none-eabi/10.3.1/thumb/v6-m/nofp/libgcc.a
LOAD /opt/st/stm32cubeide_1.10.1/plugins/com.st.stm32cube.ide.mcu.externaltools.gnu-tools-for-stm32.10.3-2021.10.linux64_1.0.0.202111181127/tools/bin/../lib/gcc/arm-none-eabi/10.3.1/../../../../arm-none-eabi/lib/thumb/v6-m/nofp/libc_nano.a
LOAD /opt/st/stm32cubeide_1.10.1/plugins/com.st.stm32cube.ide.mcu.externaltools.gnu-tools-for-stm32.10.3-2021.10.linux64_1.0.0.202111181127/tools/bin/../lib/gcc/arm-none-eabi/10.3.1/../../../../arm-none-eabi/lib/thumb/v6-m/nofp/libnosys.a
END GROUP
LOAD /opt/st/stm32cubeide_1.10.1/plugins/com.st.stm32cube.ide.mcu.externaltools.gnu-tools-for-stm32.10.3-2021.10.linux64_1.0.0.202111181127/tools/bin/../lib/gcc/arm-none-eabi/10.3.1/thumb/v6-m/nofp/crtend.o
LOAD /opt/st/stm32cubeide_1.10.1/plugins/com.st.stm32cube.ide.mcu.externaltools.gnu-tools-for-stm32.10.3-2021.10.linux64_1.0.0.202111181127/tools/bin/../lib/gcc/arm-none-eabi/10.3.1/thumb/v6-m/nofp/crtn.o
                0x0000000020002000                _estack = (ORIGIN (RAM) + LENGTH (RAM))
                0x0000000000000200                _Min_Heap_Size = 0x200
                0x0000000000000400                _Min_Stack_Size = 0x400

.isr_vector     0x0000000008000000       0xc0
                0x0000000008000000                . = ALIGN (0x4)
 *(.isr_vector)
 .isr_vector    0x0000000008000000       0xc0 ./Core/Startup/startup_stm32f051r8tx.o
                0x0000000008000000                g_pfnVectors
                0x00000000080000c0                . = ALIGN (0x4)

.text           0x00000000080000c0     0xad18
                0x00000000080000c0                . = ALIGN (0x4)
 *(.text)
 .text          0x00000000080000c0       0x48 /opt/st/stm32cubeide_1.10.1/plugins/com.st.stm32cube.ide.mcu.externaltools.gnu-tools-for-stm32.10.3-2021.10.linux64_1.0.0.202111181127/tools/bin/../lib/gcc/arm-none-eabi/10.3.1/thumb/v6-m/nofp/crtbegin.o
 .text          0x0000000008000108        0xe /opt/st/stm32cubeide_1.10.1/plugins/com.st.stm32cube.ide.mcu.externaltools.gnu-tools-for-stm32.10.3-2021.10.linux64_1.0.0.202111181127/tools/bin/../lib/gcc/arm-none-eabi/10.3.1/../../../../arm-none-eabi/lib/thumb/v6-m/nofp/libc_nano.a(lib_a-strlen.o)
                0x0000000008000108                strlen
 *fill*         0x0000000008000116        0x2 
 .text          0x0000000008000118       0x14 /opt/st/stm32cubeide_1.10.1/plugins/com.st.stm32cube.ide.mcu.externaltools.gnu-tools-for-stm32.10.3-2021.10.linux64_1.0.0.202111181127/tools/bin/../lib/gcc/arm-none-eabi/10.3.1/thumb/v6-m/nofp/libgcc.a(_thumb1_case_uqi.o)
                0x0000000008000118                __gnu_thumb1_case_uqi
 .text          0x000000000800012c       0x14 /opt/st/stm32cubeide_1.10.1/plugins/com.st.stm32cube.ide.mcu.externaltools.gnu-tools-for-stm32.10.3-2021.10.linux64_1.0.0.202111181127/tools/bin/../lib/gcc/arm-none-eabi/10.3.1/thumb/v6-m/nofp/libgcc.a(_thumb1_case_shi.o)
                0x000000000800012c                __gnu_thumb1_case_shi
 .text          0x0000000008000140      0x114 /opt/st/stm32cubeide_1.10.1/plugins/com.st.stm32cube.ide.mcu.externaltools.gnu-tools-for-stm32.10.3-2021.10.linux64_1.0.0.202111181127/tools/bin/../lib/gcc/arm-none-eabi/10.3.1/thumb/v6-m/nofp/libgcc.a(_udivsi3.o)
                0x0000000008000140                __udivsi3
                0x0000000008000140                __aeabi_uidiv
                0x000000000800024c                __aeabi_uidivmod
 .text          0x0000000008000254      0x1d4 /opt/st/stm32cubeide_1.10.1/plugins/com.st.stm32cube.ide.mcu.externaltools.gnu-tools-for-stm32.10.3-2021.10.linux64_1.0.0.202111181127/tools/bin/../lib/gcc/arm-none-eabi/10.3.1/thumb/v6-m/nofp/libgcc.a(_divsi3.o)
                0x0000000008000254                __aeabi_idiv
                0x0000000008000254                __divsi3
                0x0000000008000420                __aeabi_idivmod
 .text          0x0000000008000428        0x4 /opt/st/stm32cubeide_1.10.1/plugins/com.st.stm32cube.ide.mcu.externaltools.gnu-tools-for-stm32.10.3-2021.10.linux64_1.0.0.202111181127/tools/bin/../lib/gcc/arm-none-eabi/10.3.1/thumb/v6-m/nofp/libgcc.a(_dvmd_tls.o)
                0x0000000008000428                __aeabi_ldiv0
                0x0000000008000428                __aeabi_idiv0
 .text          0x000000000800042c       0x7c /opt/st/stm32cubeide_1.10.1/plugins/com.st.stm32cube.ide.mcu.externaltools.gnu-tools-for-stm32.10.3-2021.10.linux64_1.0.0.202111181127/tools/bin/../lib/gcc/arm-none-eabi/10.3.1/thumb/v6-m/nofp/libgcc.a(_arm_cmpdf2.o)
                0x000000000800042c                __aeabi_cdrcmple
                0x000000000800043c                __aeabi_cdcmple
                0x000000000800043c                __aeabi_cdcmpeq
                0x000000000800044c                __aeabi_dcmpeq
                0x0000000008000458                __aeabi_dcmplt
                0x000000000800046c                __aeabi_dcmple
                0x0000000008000480                __aeabi_dcmpgt
                0x0000000008000494                __aeabi_dcmpge
 .text          0x00000000080004a8       0x30 /opt/st/stm32cubeide_1.10.1/plugins/com.st.stm32cube.ide.mcu.externaltools.gnu-tools-for-stm32.10.3-2021.10.linux64_1.0.0.202111181127/tools/bin/../lib/gcc/arm-none-eabi/10.3.1/thumb/v6-m/nofp/libgcc.a(_fixunssfsi.o)
                0x00000000080004a8                __aeabi_f2uiz
                0x00000000080004a8                __fixunssfsi
 .text          0x00000000080004d8      0x33c /opt/st/stm32cubeide_1.10.1/plugins/com.st.stm32cube.ide.mcu.externaltools.gnu-tools-for-stm32.10.3-2021.10.linux64_1.0.0.202111181127/tools/bin/../lib/gcc/arm-none-eabi/10.3.1/thumb/v6-m/nofp/libgcc.a(addsf3.o)
                0x00000000080004d8                __aeabi_fadd
 .text          0x0000000008000814      0x35c /opt/st/stm32cubeide_1.10.1/plugins/com.st.stm32cube.ide.mcu.externaltools.gnu-tools-for-stm32.10.3-2021.10.linux64_1.0.0.202111181127/tools/bin/../lib/gcc/arm-none-eabi/10.3.1/thumb/v6-m/nofp/libgcc.a(subsf3.o)
                0x0000000008000814                __aeabi_fsub
 .text          0x0000000008000b70       0x40 /opt/st/stm32cubeide_1.10.1/plugins/com.st.stm32cube.ide.mcu.externaltools.gnu-tools-for-stm32.10.3-2021.10.linux64_1.0.0.202111181127/tools/bin/../lib/gcc/arm-none-eabi/10.3.1/thumb/v6-m/nofp/libgcc.a(fixsfsi.o)
                0x0000000008000b70                __aeabi_f2iz
 .text          0x0000000008000bb0       0x9c /opt/st/stm32cubeide_1.10.1/plugins/com.st.stm32cube.ide.mcu.externaltools.gnu-tools-for-stm32.10.3-2021.10.linux64_1.0.0.202111181127/tools/bin/../lib/gcc/arm-none-eabi/10.3.1/thumb/v6-m/nofp/libgcc.a(floatsisf.o)
                0x0000000008000bb0                __aeabi_i2f
 .text          0x0000000008000c4c      0x678 /opt/st/stm32cubeide_1.10.1/plugins/com.st.stm32cube.ide.mcu.externaltools.gnu-tools-for-stm32.10.3-2021.10.linux64_1.0.0.202111181127/tools/bin/../lib/gcc/arm-none-eabi/10.3.1/thumb/v6-m/nofp/libgcc.a(adddf3.o)
                0x0000000008000c4c                __aeabi_dadd
 .text          0x00000000080012c4      0x5ec /opt/st/stm32cubeide_1.10.1/plugins/com.st.stm32cube.ide.mcu.externaltools.gnu-tools-for-stm32.10.3-2021.10.linux64_1.0.0.202111181127/tools/bin/../lib/gcc/arm-none-eabi/10.3.1/thumb/v6-m/nofp/libgcc.a(divdf3.o)
                0x00000000080012c4                __aeabi_ddiv
 .text          0x00000000080018b0       0x84 /opt/st/stm32cubeide_1.10.1/plugins/com.st.stm32cube.ide.mcu.externaltools.gnu-tools-for-stm32.10.3-2021.10.linux64_1.0.0.202111181127/tools/bin/../lib/gcc/arm-none-eabi/10.3.1/thumb/v6-m/nofp/libgcc.a(eqdf2.o)
                0x00000000080018b0                __eqdf2
                0x00000000080018b0                __nedf2
 .text          0x0000000008001934       0xcc /opt/st/stm32cubeide_1.10.1/plugins/com.st.stm32cube.ide.mcu.externaltools.gnu-tools-for-stm32.10.3-2021.10.linux64_1.0.0.202111181127/tools/bin/../lib/gcc/arm-none-eabi/10.3.1/thumb/v6-m/nofp/libgcc.a(gedf2.o)
                0x0000000008001934                __gtdf2
                0x0000000008001934                __gedf2
 .text          0x0000000008001a00       0xc8 /opt/st/stm32cubeide_1.10.1/plugins/com.st.stm32cube.ide.mcu.externaltools.gnu-tools-for-stm32.10.3-2021.10.linux64_1.0.0.202111181127/tools/bin/../lib/gcc/arm-none-eabi/10.3.1/thumb/v6-m/nofp/libgcc.a(ledf2.o)
                0x0000000008001a00                __ltdf2
                0x0000000008001a00                __ledf2
 .text          0x0000000008001ac8      0x4d8 /opt/st/stm32cubeide_1.10.1/plugins/com.st.stm32cube.ide.mcu.externaltools.gnu-tools-for-stm32.10.3-2021.10.linux64_1.0.0.202111181127/tools/bin/../lib/gcc/arm-none-eabi/10.3.1/thumb/v6-m/nofp/libgcc.a(muldf3.o)
                0x0000000008001ac8                __aeabi_dmul
 .text          0x0000000008001fa0      0x724 /opt/st/stm32cubeide_1.10.1/plugins/com.st.stm32cube.ide.mcu.externaltools.gnu-tools-for-stm32.10.3-2021.10.linux64_1.0.0.202111181127/tools/bin/../lib/gcc/arm-none-eabi/10.3.1/thumb/v6-m/nofp/libgcc.a(subdf3.o)
                0x0000000008001fa0                __aeabi_dsub
 .text          0x00000000080026c4       0x3c /opt/st/stm32cubeide_1.10.1/plugins/com.st.stm32cube.ide.mcu.externaltools.gnu-tools-for-stm32.10.3-2021.10.linux64_1.0.0.202111181127/tools/bin/../lib/gcc/arm-none-eabi/10.3.1/thumb/v6-m/nofp/libgcc.a(unorddf2.o)
                0x00000000080026c4                __aeabi_dcmpun
 .text          0x0000000008002700       0x6c /opt/st/stm32cubeide_1.10.1/plugins/com.st.stm32cube.ide.mcu.externaltools.gnu-tools-for-stm32.10.3-2021.10.linux64_1.0.0.202111181127/tools/bin/../lib/gcc/arm-none-eabi/10.3.1/thumb/v6-m/nofp/libgcc.a(fixdfsi.o)
                0x0000000008002700                __aeabi_d2iz
 .text          0x000000000800276c       0x60 /opt/st/stm32cubeide_1.10.1/plugins/com.st.stm32cube.ide.mcu.externaltools.gnu-tools-for-stm32.10.3-2021.10.linux64_1.0.0.202111181127/tools/bin/../lib/gcc/arm-none-eabi/10.3.1/thumb/v6-m/nofp/libgcc.a(floatsidf.o)
                0x000000000800276c                __aeabi_i2d
 .text          0x00000000080027cc       0x4c /opt/st/stm32cubeide_1.10.1/plugins/com.st.stm32cube.ide.mcu.externaltools.gnu-tools-for-stm32.10.3-2021.10.linux64_1.0.0.202111181127/tools/bin/../lib/gcc/arm-none-eabi/10.3.1/thumb/v6-m/nofp/libgcc.a(floatunsidf.o)
                0x00000000080027cc                __aeabi_ui2d
 .text          0x0000000008002818       0x90 /opt/st/stm32cubeide_1.10.1/plugins/com.st.stm32cube.ide.mcu.externaltools.gnu-tools-for-stm32.10.3-2021.10.linux64_1.0.0.202111181127/tools/bin/../lib/gcc/arm-none-eabi/10.3.1/thumb/v6-m/nofp/libgcc.a(extendsfdf2.o)
                0x0000000008002818                __aeabi_f2d
 .text          0x00000000080028a8       0x74 /opt/st/stm32cubeide_1.10.1/plugins/com.st.stm32cube.ide.mcu.externaltools.gnu-tools-for-stm32.10.3-2021.10.linux64_1.0.0.202111181127/tools/bin/../lib/gcc/arm-none-eabi/10.3.1/thumb/v6-m/nofp/libgcc.a(_arm_cmpsf2.o)
                0x00000000080028a8                __aeabi_cfrcmple
                0x00000000080028b0                __aeabi_cfcmple
                0x00000000080028b0                __aeabi_cfcmpeq
                0x00000000080028c0                __aeabi_fcmpeq
                0x00000000080028cc                __aeabi_fcmplt
                0x00000000080028e0                __aeabi_fcmple
                0x00000000080028f4                __aeabi_fcmpgt
                0x0000000008002908                __aeabi_fcmpge
 .text          0x000000000800291c       0x3c /opt/st/stm32cubeide_1.10.1/plugins/com.st.stm32cube.ide.mcu.externaltools.gnu-tools-for-stm32.10.3-2021.10.linux64_1.0.0.202111181127/tools/bin/../lib/gcc/arm-none-eabi/10.3.1/thumb/v6-m/nofp/libgcc.a(_clzsi2.o)
                0x000000000800291c                __clzsi2
 .text          0x0000000008002958       0x4c /opt/st/stm32cubeide_1.10.1/plugins/com.st.stm32cube.ide.mcu.externaltools.gnu-tools-for-stm32.10.3-2021.10.linux64_1.0.0.202111181127/tools/bin/../lib/gcc/arm-none-eabi/10.3.1/thumb/v6-m/nofp/libgcc.a(eqsf2.o)
                0x0000000008002958                __nesf2
                0x0000000008002958                __eqsf2
 .text          0x00000000080029a4       0x8c /opt/st/stm32cubeide_1.10.1/plugins/com.st.stm32cube.ide.mcu.externaltools.gnu-tools-for-stm32.10.3-2021.10.linux64_1.0.0.202111181127/tools/bin/../lib/gcc/arm-none-eabi/10.3.1/thumb/v6-m/nofp/libgcc.a(gesf2.o)
                0x00000000080029a4                __gtsf2
                0x00000000080029a4                __gesf2
 .text          0x0000000008002a30       0x88 /opt/st/stm32cubeide_1.10.1/plugins/com.st.stm32cube.ide.mcu.externaltools.gnu-tools-for-stm32.10.3-2021.10.linux64_1.0.0.202111181127/tools/bin/../lib/gcc/arm-none-eabi/10.3.1/thumb/v6-m/nofp/libgcc.a(lesf2.o)
                0x0000000008002a30                __lesf2
                0x0000000008002a30                __ltsf2
 *(.text*)
 .text.debugPrintln.0
                0x0000000008002ab8       0x58 ./Core/Src/main.o
 .text.main     0x0000000008002b10       0xe0 ./Core/Src/main.o
                0x0000000008002b10                main
 .text.SystemClock_Config
                0x0000000008002bf0       0x94 ./Core/Src/main.o
                0x0000000008002bf0                SystemClock_Config
 .text.MX_SPI1_Init
                0x0000000008002c84       0x7c ./Core/Src/main.o
 .text.MX_TIM3_Init
                0x0000000008002d00      0x100 ./Core/Src/main.o
 .text.MX_USART2_UART_Init
                0x0000000008002e00       0x60 ./Core/Src/main.o
 .text.MX_DMA_Init
                0x0000000008002e60       0x3c ./Core/Src/main.o
 .text.MX_GPIO_Init
                0x0000000008002e9c      0x118 ./Core/Src/main.o
 .text.icm20948_init
                0x0000000008002fb4       0x60 ./Core/Src/main.o
                0x0000000008002fb4                icm20948_init
 .text.ak09916_init
                0x0000000008003014       0x36 ./Core/Src/main.o
                0x0000000008003014                ak09916_init
 .text.icm20948_gyro_read
                0x000000000800304a       0x82 ./Core/Src/main.o
                0x000000000800304a                icm20948_gyro_read
 .text.icm20948_accel_read
                0x00000000080030cc       0x98 ./Core/Src/main.o
                0x00000000080030cc                icm20948_accel_read
 .text.ak09916_mag_read
                0x0000000008003164       0xc2 ./Core/Src/main.o
                0x0000000008003164                ak09916_mag_read
 .text.icm20948_who_am_i
                0x0000000008003226       0x2a ./Core/Src/main.o
                0x0000000008003226                icm20948_who_am_i
 .text.ak09916_who_am_i
                0x0000000008003250       0x28 ./Core/Src/main.o
                0x0000000008003250                ak09916_who_am_i
 .text.icm20948_device_reset
                0x0000000008003278       0x1a ./Core/Src/main.o
                0x0000000008003278                icm20948_device_reset
 .text.ak09916_soft_reset
                0x0000000008003292       0x18 ./Core/Src/main.o
                0x0000000008003292                ak09916_soft_reset
 .text.icm20948_wakeup
                0x00000000080032aa       0x3c ./Core/Src/main.o
                0x00000000080032aa                icm20948_wakeup
 .text.icm20948_spi_slave_enable
                0x00000000080032e6       0x36 ./Core/Src/main.o
                0x00000000080032e6                icm20948_spi_slave_enable
 .text.icm20948_i2c_master_reset
                0x000000000800331c       0x36 ./Core/Src/main.o
                0x000000000800331c                icm20948_i2c_master_reset
 .text.icm20948_i2c_master_enable
                0x0000000008003352       0x3c ./Core/Src/main.o
                0x0000000008003352                icm20948_i2c_master_enable
 .text.icm20948_i2c_master_clk_frq
                0x000000000800338e       0x42 ./Core/Src/main.o
                0x000000000800338e                icm20948_i2c_master_clk_frq
 .text.icm20948_clock_source
                0x00000000080033d0       0x42 ./Core/Src/main.o
                0x00000000080033d0                icm20948_clock_source
 .text.icm20948_odr_align_enable
                0x0000000008003412       0x14 ./Core/Src/main.o
                0x0000000008003412                icm20948_odr_align_enable
 .text.icm20948_gyro_low_pass_filter
                0x0000000008003426       0x48 ./Core/Src/main.o
                0x0000000008003426                icm20948_gyro_low_pass_filter
 .text.icm20948_accel_low_pass_filter
                0x000000000800346e       0x48 ./Core/Src/main.o
                0x000000000800346e                icm20948_accel_low_pass_filter
 .text.icm20948_gyro_sample_rate_divider
                0x00000000080034b6       0x22 ./Core/Src/main.o
                0x00000000080034b6                icm20948_gyro_sample_rate_divider
 .text.icm20948_accel_sample_rate_divider
                0x00000000080034d8       0x4e ./Core/Src/main.o
                0x00000000080034d8                icm20948_accel_sample_rate_divider
 .text.ak09916_operation_mode_setting
                0x0000000008003526       0x26 ./Core/Src/main.o
                0x0000000008003526                ak09916_operation_mode_setting
 .text.icm20948_gyro_calibration
                0x000000000800354c      0x18a ./Core/Src/main.o
                0x000000000800354c                icm20948_gyro_calibration
 *fill*         0x00000000080036d6        0x2 
 .text.icm20948_accel_calibration
                0x00000000080036d8      0x2a8 ./Core/Src/main.o
                0x00000000080036d8                icm20948_accel_calibration
 .text.icm20948_gyro_full_scale_select
                0x0000000008003980       0xb8 ./Core/Src/main.o
                0x0000000008003980                icm20948_gyro_full_scale_select
 .text.icm20948_accel_full_scale_select
                0x0000000008003a38       0xb0 ./Core/Src/main.o
                0x0000000008003a38                icm20948_accel_full_scale_select
 .text.cs_high  0x0000000008003ae8       0x18 ./Core/Src/main.o
 .text.cs_low   0x0000000008003b00       0x18 ./Core/Src/main.o
 .text.select_user_bank
                0x0000000008003b18       0x3c ./Core/Src/main.o
 .text.read_single_icm20948_reg
                0x0000000008003b54       0x64 ./Core/Src/main.o
 .text.write_single_icm20948_reg
                0x0000000008003bb8       0x5c ./Core/Src/main.o
 .text.read_multiple_icm20948_reg
                0x0000000008003c14       0x74 ./Core/Src/main.o
 .text.write_multiple_icm20948_reg
                0x0000000008003c88       0x68 ./Core/Src/main.o
 .text.read_single_ak09916_reg
                0x0000000008003cf0       0x46 ./Core/Src/main.o
 .text.write_single_ak09916_reg
                0x0000000008003d36       0x4a ./Core/Src/main.o
 .text.read_multiple_ak09916_reg
                0x0000000008003d80       0x5e ./Core/Src/main.o
 .text.Error_Handler
                0x0000000008003dde        0xa ./Core/Src/main.o
                0x0000000008003dde                Error_Handler
 .text.HAL_MspInit
                0x0000000008003de8       0x48 ./Core/Src/stm32f0xx_hal_msp.o
                0x0000000008003de8                HAL_MspInit
 .text.HAL_SPI_MspInit
                0x0000000008003e30       0x98 ./Core/Src/stm32f0xx_hal_msp.o
                0x0000000008003e30                HAL_SPI_MspInit
 .text.HAL_TIM_Base_MspInit
                0x0000000008003ec8       0x3c ./Core/Src/stm32f0xx_hal_msp.o
                0x0000000008003ec8                HAL_TIM_Base_MspInit
 .text.HAL_TIM_MspPostInit
                0x0000000008003f04       0x80 ./Core/Src/stm32f0xx_hal_msp.o
                0x0000000008003f04                HAL_TIM_MspPostInit
 .text.HAL_UART_MspInit
                0x0000000008003f84       0xfc ./Core/Src/stm32f0xx_hal_msp.o
                0x0000000008003f84                HAL_UART_MspInit
 .text.NMI_Handler
                0x0000000008004080        0x6 ./Core/Src/stm32f0xx_it.o
                0x0000000008004080                NMI_Handler
 .text.HardFault_Handler
                0x0000000008004086        0x6 ./Core/Src/stm32f0xx_it.o
                0x0000000008004086                HardFault_Handler
 .text.SVC_Handler
                0x000000000800408c        0xa ./Core/Src/stm32f0xx_it.o
                0x000000000800408c                SVC_Handler
 .text.PendSV_Handler
                0x0000000008004096        0xa ./Core/Src/stm32f0xx_it.o
                0x0000000008004096                PendSV_Handler
 .text.SysTick_Handler
                0x00000000080040a0        0xe ./Core/Src/stm32f0xx_it.o
                0x00000000080040a0                SysTick_Handler
 .text.EXTI0_1_IRQHandler
                0x00000000080040ae       0x10 ./Core/Src/stm32f0xx_it.o
                0x00000000080040ae                EXTI0_1_IRQHandler
 *fill*         0x00000000080040be        0x2 
 .text.DMA1_Channel4_5_IRQHandler
                0x00000000080040c0       0x18 ./Core/Src/stm32f0xx_it.o
                0x00000000080040c0                DMA1_Channel4_5_IRQHandler
 .text.USART2_IRQHandler
                0x00000000080040d8       0x18 ./Core/Src/stm32f0xx_it.o
                0x00000000080040d8                USART2_IRQHandler
 .text._getpid  0x00000000080040f0        0xc ./Core/Src/syscalls.o
                0x00000000080040f0                _getpid
 .text._kill    0x00000000080040fc       0x20 ./Core/Src/syscalls.o
                0x00000000080040fc                _kill
 .text._exit    0x000000000800411c       0x18 ./Core/Src/syscalls.o
                0x000000000800411c                _exit
 .text._read    0x0000000008004134       0x3a ./Core/Src/syscalls.o
                0x0000000008004134                _read
 .text._write   0x000000000800416e       0x38 ./Core/Src/syscalls.o
                0x000000000800416e                _write
 .text._close   0x00000000080041a6       0x14 ./Core/Src/syscalls.o
                0x00000000080041a6                _close
 .text._fstat   0x00000000080041ba       0x1c ./Core/Src/syscalls.o
                0x00000000080041ba                _fstat
 .text._isatty  0x00000000080041d6       0x12 ./Core/Src/syscalls.o
                0x00000000080041d6                _isatty
 .text._lseek   0x00000000080041e8       0x16 ./Core/Src/syscalls.o
                0x00000000080041e8                _lseek
 *fill*         0x00000000080041fe        0x2 
 .text._sbrk    0x0000000008004200       0x6c ./Core/Src/sysmem.o
                0x0000000008004200                _sbrk
 .text.SystemInit
                0x000000000800426c        0xa ./Core/Src/system_stm32f0xx.o
                0x000000000800426c                SystemInit
 *fill*         0x0000000008004276        0x2 
 .text.Reset_Handler
                0x0000000008004278       0x50 ./Core/Startup/startup_stm32f051r8tx.o
                0x0000000008004278                Reset_Handler
 .text.Default_Handler
                0x00000000080042c8        0x2 ./Core/Startup/startup_stm32f051r8tx.o
                0x00000000080042c8                TIM1_CC_IRQHandler
                0x00000000080042c8                TSC_IRQHandler
                0x00000000080042c8                ADC1_COMP_IRQHandler
                0x00000000080042c8                PVD_IRQHandler
                0x00000000080042c8                I2C1_IRQHandler
                0x00000000080042c8                RCC_CRS_IRQHandler
                0x00000000080042c8                SPI1_IRQHandler
                0x00000000080042c8                TIM6_DAC_IRQHandler
                0x00000000080042c8                EXTI2_3_IRQHandler
                0x00000000080042c8                I2C2_IRQHandler
                0x00000000080042c8                TIM17_IRQHandler
                0x00000000080042c8                CEC_CAN_IRQHandler
                0x00000000080042c8                RTC_IRQHandler
                0x00000000080042c8                TIM16_IRQHandler
                0x00000000080042c8                TIM3_IRQHandler
                0x00000000080042c8                EXTI4_15_IRQHandler
                0x00000000080042c8                DMA1_Channel1_IRQHandler
                0x00000000080042c8                Default_Handler
                0x00000000080042c8                TIM14_IRQHandler
                0x00000000080042c8                TIM15_IRQHandler
                0x00000000080042c8                SPI2_IRQHandler
                0x00000000080042c8                WWDG_IRQHandler
                0x00000000080042c8                TIM2_IRQHandler
                0x00000000080042c8                DMA1_Channel2_3_IRQHandler
                0x00000000080042c8                FLASH_IRQHandler
                0x00000000080042c8                USART1_IRQHandler
                0x00000000080042c8                TIM1_BRK_UP_TRG_COM_IRQHandler
 *fill*         0x00000000080042ca        0x2 
 .text.HAL_Init
                0x00000000080042cc       0x28 ./Drivers/STM32F0xx_HAL_Driver/Src/stm32f0xx_hal.o
                0x00000000080042cc                HAL_Init
 .text.HAL_InitTick
                0x00000000080042f4       0x68 ./Drivers/STM32F0xx_HAL_Driver/Src/stm32f0xx_hal.o
                0x00000000080042f4                HAL_InitTick
 .text.HAL_IncTick
                0x000000000800435c       0x24 ./Drivers/STM32F0xx_HAL_Driver/Src/stm32f0xx_hal.o
                0x000000000800435c                HAL_IncTick
 .text.HAL_GetTick
                0x0000000008004380       0x14 ./Drivers/STM32F0xx_HAL_Driver/Src/stm32f0xx_hal.o
                0x0000000008004380                HAL_GetTick
 .text.HAL_Delay
                0x0000000008004394       0x48 ./Drivers/STM32F0xx_HAL_Driver/Src/stm32f0xx_hal.o
                0x0000000008004394                HAL_Delay
 .text.__NVIC_EnableIRQ
                0x00000000080043dc       0x34 ./Drivers/STM32F0xx_HAL_Driver/Src/stm32f0xx_hal_cortex.o
 .text.__NVIC_SetPriority
                0x0000000008004410       0xdc ./Drivers/STM32F0xx_HAL_Driver/Src/stm32f0xx_hal_cortex.o
 .text.SysTick_Config
                0x00000000080044ec       0x48 ./Drivers/STM32F0xx_HAL_Driver/Src/stm32f0xx_hal_cortex.o
 .text.HAL_NVIC_SetPriority
                0x0000000008004534       0x2a ./Drivers/STM32F0xx_HAL_Driver/Src/stm32f0xx_hal_cortex.o
                0x0000000008004534                HAL_NVIC_SetPriority
 .text.HAL_NVIC_EnableIRQ
                0x000000000800455e       0x20 ./Drivers/STM32F0xx_HAL_Driver/Src/stm32f0xx_hal_cortex.o
                0x000000000800455e                HAL_NVIC_EnableIRQ
 .text.HAL_SYSTICK_Config
                0x000000000800457e       0x1a ./Drivers/STM32F0xx_HAL_Driver/Src/stm32f0xx_hal_cortex.o
                0x000000000800457e                HAL_SYSTICK_Config
 .text.HAL_DMA_Init
                0x0000000008004598       0x90 ./Drivers/STM32F0xx_HAL_Driver/Src/stm32f0xx_hal_dma.o
                0x0000000008004598                HAL_DMA_Init
 .text.HAL_DMA_Abort
                0x0000000008004628       0x70 ./Drivers/STM32F0xx_HAL_Driver/Src/stm32f0xx_hal_dma.o
                0x0000000008004628                HAL_DMA_Abort
 .text.HAL_DMA_Abort_IT
                0x0000000008004698       0x8a ./Drivers/STM32F0xx_HAL_Driver/Src/stm32f0xx_hal_dma.o
                0x0000000008004698                HAL_DMA_Abort_IT
 .text.HAL_DMA_IRQHandler
                0x0000000008004722      0x144 ./Drivers/STM32F0xx_HAL_Driver/Src/stm32f0xx_hal_dma.o
                0x0000000008004722                HAL_DMA_IRQHandler
 *fill*         0x0000000008004866        0x2 
 .text.DMA_CalcBaseAndBitshift
                0x0000000008004868       0x38 ./Drivers/STM32F0xx_HAL_Driver/Src/stm32f0xx_hal_dma.o
 .text.HAL_GPIO_Init
                0x00000000080048a0      0x2e0 ./Drivers/STM32F0xx_HAL_Driver/Src/stm32f0xx_hal_gpio.o
                0x00000000080048a0                HAL_GPIO_Init
 .text.HAL_GPIO_WritePin
                0x0000000008004b80       0x3a ./Drivers/STM32F0xx_HAL_Driver/Src/stm32f0xx_hal_gpio.o
                0x0000000008004b80                HAL_GPIO_WritePin
 .text.HAL_GPIO_TogglePin
                0x0000000008004bba       0x36 ./Drivers/STM32F0xx_HAL_Driver/Src/stm32f0xx_hal_gpio.o
                0x0000000008004bba                HAL_GPIO_TogglePin
 .text.HAL_GPIO_EXTI_IRQHandler
                0x0000000008004bf0       0x38 ./Drivers/STM32F0xx_HAL_Driver/Src/stm32f0xx_hal_gpio.o
                0x0000000008004bf0                HAL_GPIO_EXTI_IRQHandler
 .text.HAL_GPIO_EXTI_Callback
                0x0000000008004c28       0x14 ./Drivers/STM32F0xx_HAL_Driver/Src/stm32f0xx_hal_gpio.o
                0x0000000008004c28                HAL_GPIO_EXTI_Callback
 .text.HAL_RCC_OscConfig
                0x0000000008004c3c      0x634 ./Drivers/STM32F0xx_HAL_Driver/Src/stm32f0xx_hal_rcc.o
                0x0000000008004c3c                HAL_RCC_OscConfig
 .text.HAL_RCC_ClockConfig
                0x0000000008005270      0x19c ./Drivers/STM32F0xx_HAL_Driver/Src/stm32f0xx_hal_rcc.o
                0x0000000008005270                HAL_RCC_ClockConfig
 .text.HAL_RCC_GetSysClockFreq
                0x000000000800540c       0xc8 ./Drivers/STM32F0xx_HAL_Driver/Src/stm32f0xx_hal_rcc.o
                0x000000000800540c                HAL_RCC_GetSysClockFreq
 .text.HAL_RCC_GetHCLKFreq
                0x00000000080054d4       0x14 ./Drivers/STM32F0xx_HAL_Driver/Src/stm32f0xx_hal_rcc.o
                0x00000000080054d4                HAL_RCC_GetHCLKFreq
 .text.HAL_RCC_GetPCLK1Freq
                0x00000000080054e8       0x2c ./Drivers/STM32F0xx_HAL_Driver/Src/stm32f0xx_hal_rcc.o
                0x00000000080054e8                HAL_RCC_GetPCLK1Freq
 .text.HAL_SPI_Init
                0x0000000008005514      0x170 ./Drivers/STM32F0xx_HAL_Driver/Src/stm32f0xx_hal_spi.o
                0x0000000008005514                HAL_SPI_Init
 .text.HAL_SPI_Transmit
                0x0000000008005684      0x2b0 ./Drivers/STM32F0xx_HAL_Driver/Src/stm32f0xx_hal_spi.o
                0x0000000008005684                HAL_SPI_Transmit
 .text.HAL_SPI_Receive
                0x0000000008005934      0x298 ./Drivers/STM32F0xx_HAL_Driver/Src/stm32f0xx_hal_spi.o
                0x0000000008005934                HAL_SPI_Receive
 .text.HAL_SPI_TransmitReceive
                0x0000000008005bcc      0x3a4 ./Drivers/STM32F0xx_HAL_Driver/Src/stm32f0xx_hal_spi.o
                0x0000000008005bcc                HAL_SPI_TransmitReceive
 .text.SPI_WaitFlagStateUntilTimeout
                0x0000000008005f70      0x11c ./Drivers/STM32F0xx_HAL_Driver/Src/stm32f0xx_hal_spi.o
 .text.SPI_WaitFifoStateUntilTimeout
                0x000000000800608c      0x144 ./Drivers/STM32F0xx_HAL_Driver/Src/stm32f0xx_hal_spi.o
 .text.SPI_EndRxTransaction
                0x00000000080061d0       0xbc ./Drivers/STM32F0xx_HAL_Driver/Src/stm32f0xx_hal_spi.o
 .text.SPI_EndRxTxTransaction
                0x000000000800628c       0x8c ./Drivers/STM32F0xx_HAL_Driver/Src/stm32f0xx_hal_spi.o
 .text.HAL_TIM_Base_Init
                0x0000000008006318       0xa0 ./Drivers/STM32F0xx_HAL_Driver/Src/stm32f0xx_hal_tim.o
                0x0000000008006318                HAL_TIM_Base_Init
 .text.HAL_TIM_PWM_Init
                0x00000000080063b8       0xa0 ./Drivers/STM32F0xx_HAL_Driver/Src/stm32f0xx_hal_tim.o
                0x00000000080063b8                HAL_TIM_PWM_Init
 .text.HAL_TIM_PWM_MspInit
                0x0000000008006458       0x10 ./Drivers/STM32F0xx_HAL_Driver/Src/stm32f0xx_hal_tim.o
                0x0000000008006458                HAL_TIM_PWM_MspInit
 .text.HAL_TIM_PWM_ConfigChannel
                0x0000000008006468      0x18c ./Drivers/STM32F0xx_HAL_Driver/Src/stm32f0xx_hal_tim.o
                0x0000000008006468                HAL_TIM_PWM_ConfigChannel
 .text.HAL_TIM_ConfigClockSource
                0x00000000080065f4      0x1a8 ./Drivers/STM32F0xx_HAL_Driver/Src/stm32f0xx_hal_tim.o
                0x00000000080065f4                HAL_TIM_ConfigClockSource
 .text.TIM_Base_SetConfig
                0x000000000800679c      0x100 ./Drivers/STM32F0xx_HAL_Driver/Src/stm32f0xx_hal_tim.o
                0x000000000800679c                TIM_Base_SetConfig
 .text.TIM_OC1_SetConfig
                0x000000000800689c      0x110 ./Drivers/STM32F0xx_HAL_Driver/Src/stm32f0xx_hal_tim.o
 .text.TIM_OC2_SetConfig
                0x00000000080069ac      0x108 ./Drivers/STM32F0xx_HAL_Driver/Src/stm32f0xx_hal_tim.o
                0x00000000080069ac                TIM_OC2_SetConfig
 .text.TIM_OC3_SetConfig
                0x0000000008006ab4      0x10c ./Drivers/STM32F0xx_HAL_Driver/Src/stm32f0xx_hal_tim.o
 .text.TIM_OC4_SetConfig
                0x0000000008006bc0       0xd4 ./Drivers/STM32F0xx_HAL_Driver/Src/stm32f0xx_hal_tim.o
 .text.TIM_TI1_ConfigInputStage
                0x0000000008006c94       0x5c ./Drivers/STM32F0xx_HAL_Driver/Src/stm32f0xx_hal_tim.o
 .text.TIM_TI2_ConfigInputStage
                0x0000000008006cf0       0x64 ./Drivers/STM32F0xx_HAL_Driver/Src/stm32f0xx_hal_tim.o
 .text.TIM_ITRx_SetConfig
                0x0000000008006d54       0x32 ./Drivers/STM32F0xx_HAL_Driver/Src/stm32f0xx_hal_tim.o
 *fill*         0x0000000008006d86        0x2 
 .text.TIM_ETR_SetConfig
                0x0000000008006d88       0x40 ./Drivers/STM32F0xx_HAL_Driver/Src/stm32f0xx_hal_tim.o
                0x0000000008006d88                TIM_ETR_SetConfig
 .text.HAL_TIMEx_MasterConfigSynchronization
                0x0000000008006dc8       0xbc ./Drivers/STM32F0xx_HAL_Driver/Src/stm32f0xx_hal_tim_ex.o
                0x0000000008006dc8                HAL_TIMEx_MasterConfigSynchronization
 .text.HAL_UART_Init
                0x0000000008006e84       0xa8 ./Drivers/STM32F0xx_HAL_Driver/Src/stm32f0xx_hal_uart.o
                0x0000000008006e84                HAL_UART_Init
 .text.HAL_UART_Transmit
                0x0000000008006f2c      0x152 ./Drivers/STM32F0xx_HAL_Driver/Src/stm32f0xx_hal_uart.o
                0x0000000008006f2c                HAL_UART_Transmit
 *fill*         0x000000000800707e        0x2 
 .text.HAL_UART_IRQHandler
                0x0000000008007080      0x5b0 ./Drivers/STM32F0xx_HAL_Driver/Src/stm32f0xx_hal_uart.o
                0x0000000008007080                HAL_UART_IRQHandler
 .text.HAL_UART_TxCpltCallback
                0x0000000008007630       0x10 ./Drivers/STM32F0xx_HAL_Driver/Src/stm32f0xx_hal_uart.o
                0x0000000008007630                HAL_UART_TxCpltCallback
 .text.HAL_UART_ErrorCallback
                0x0000000008007640       0x10 ./Drivers/STM32F0xx_HAL_Driver/Src/stm32f0xx_hal_uart.o
                0x0000000008007640                HAL_UART_ErrorCallback
 .text.HAL_UARTEx_RxEventCallback
                0x0000000008007650       0x16 ./Drivers/STM32F0xx_HAL_Driver/Src/stm32f0xx_hal_uart.o
                0x0000000008007650                HAL_UARTEx_RxEventCallback
 *fill*         0x0000000008007666        0x2 
 .text.UART_SetConfig
                0x0000000008007668      0x280 ./Drivers/STM32F0xx_HAL_Driver/Src/stm32f0xx_hal_uart.o
                0x0000000008007668                UART_SetConfig
 .text.UART_AdvFeatureConfig
                0x00000000080078e8      0x168 ./Drivers/STM32F0xx_HAL_Driver/Src/stm32f0xx_hal_uart.o
                0x00000000080078e8                UART_AdvFeatureConfig
 .text.UART_CheckIdleState
                0x0000000008007a50       0x90 ./Drivers/STM32F0xx_HAL_Driver/Src/stm32f0xx_hal_uart.o
                0x0000000008007a50                UART_CheckIdleState
 .text.UART_WaitOnFlagUntilTimeout
                0x0000000008007ae0      0x188 ./Drivers/STM32F0xx_HAL_Driver/Src/stm32f0xx_hal_uart.o
                0x0000000008007ae0                UART_WaitOnFlagUntilTimeout
 .text.UART_EndRxTransfer
                0x0000000008007c68       0xc4 ./Drivers/STM32F0xx_HAL_Driver/Src/stm32f0xx_hal_uart.o
 .text.UART_DMAAbortOnError
                0x0000000008007d2c       0x2e ./Drivers/STM32F0xx_HAL_Driver/Src/stm32f0xx_hal_uart.o
 .text.UART_EndTransmit_IT
                0x0000000008007d5a       0x56 ./Drivers/STM32F0xx_HAL_Driver/Src/stm32f0xx_hal_uart.o
 .text.HAL_UARTEx_WakeupCallback
                0x0000000008007db0       0x10 ./Drivers/STM32F0xx_HAL_Driver/Src/stm32f0xx_hal_uart_ex.o
                0x0000000008007db0                HAL_UARTEx_WakeupCallback
 .text.__errno  0x0000000008007dc0        0xc /opt/st/stm32cubeide_1.10.1/plugins/com.st.stm32cube.ide.mcu.externaltools.gnu-tools-for-stm32.10.3-2021.10.linux64_1.0.0.202111181127/tools/bin/../lib/gcc/arm-none-eabi/10.3.1/../../../../arm-none-eabi/lib/thumb/v6-m/nofp/libc_nano.a(lib_a-errno.o)
                0x0000000008007dc0                __errno
 .text.__libc_init_array
                0x0000000008007dcc       0x48 /opt/st/stm32cubeide_1.10.1/plugins/com.st.stm32cube.ide.mcu.externaltools.gnu-tools-for-stm32.10.3-2021.10.linux64_1.0.0.202111181127/tools/bin/../lib/gcc/arm-none-eabi/10.3.1/../../../../arm-none-eabi/lib/thumb/v6-m/nofp/libc_nano.a(lib_a-init.o)
                0x0000000008007dcc                __libc_init_array
 .text.memset   0x0000000008007e14       0x10 /opt/st/stm32cubeide_1.10.1/plugins/com.st.stm32cube.ide.mcu.externaltools.gnu-tools-for-stm32.10.3-2021.10.linux64_1.0.0.202111181127/tools/bin/../lib/gcc/arm-none-eabi/10.3.1/../../../../arm-none-eabi/lib/thumb/v6-m/nofp/libc_nano.a(lib_a-memset.o)
                0x0000000008007e14                memset
 .text.__cvt    0x0000000008007e24       0xc6 /opt/st/stm32cubeide_1.10.1/plugins/com.st.stm32cube.ide.mcu.externaltools.gnu-tools-for-stm32.10.3-2021.10.linux64_1.0.0.202111181127/tools/bin/../lib/gcc/arm-none-eabi/10.3.1/../../../../arm-none-eabi/lib/thumb/v6-m/nofp/libc_nano.a(lib_a-nano-vfprintf_float.o)
                0x0000000008007e24                __cvt
 .text.__exponent
                0x0000000008007eea       0x8e /opt/st/stm32cubeide_1.10.1/plugins/com.st.stm32cube.ide.mcu.externaltools.gnu-tools-for-stm32.10.3-2021.10.linux64_1.0.0.202111181127/tools/bin/../lib/gcc/arm-none-eabi/10.3.1/../../../../arm-none-eabi/lib/thumb/v6-m/nofp/libc_nano.a(lib_a-nano-vfprintf_float.o)
                0x0000000008007eea                __exponent
 .text._printf_float
                0x0000000008007f78      0x484 /opt/st/stm32cubeide_1.10.1/plugins/com.st.stm32cube.ide.mcu.externaltools.gnu-tools-for-stm32.10.3-2021.10.linux64_1.0.0.202111181127/tools/bin/../lib/gcc/arm-none-eabi/10.3.1/../../../../arm-none-eabi/lib/thumb/v6-m/nofp/libc_nano.a(lib_a-nano-vfprintf_float.o)
                0x0000000008007f78                _printf_float
 .text._printf_common
                0x00000000080083fc       0xde /opt/st/stm32cubeide_1.10.1/plugins/com.st.stm32cube.ide.mcu.externaltools.gnu-tools-for-stm32.10.3-2021.10.linux64_1.0.0.202111181127/tools/bin/../lib/gcc/arm-none-eabi/10.3.1/../../../../arm-none-eabi/lib/thumb/v6-m/nofp/libc_nano.a(lib_a-nano-vfprintf_i.o)
                0x00000000080083fc                _printf_common
 *fill*         0x00000000080084da        0x2 
 .text._printf_i
                0x00000000080084dc      0x224 /opt/st/stm32cubeide_1.10.1/plugins/com.st.stm32cube.ide.mcu.externaltools.gnu-tools-for-stm32.10.3-2021.10.linux64_1.0.0.202111181127/tools/bin/../lib/gcc/arm-none-eabi/10.3.1/../../../../arm-none-eabi/lib/thumb/v6-m/nofp/libc_nano.a(lib_a-nano-vfprintf_i.o)
                0x00000000080084dc                _printf_i
 .text.snprintf
                0x0000000008008700       0x68 /opt/st/stm32cubeide_1.10.1/plugins/com.st.stm32cube.ide.mcu.externaltools.gnu-tools-for-stm32.10.3-2021.10.linux64_1.0.0.202111181127/tools/bin/../lib/gcc/arm-none-eabi/10.3.1/../../../../arm-none-eabi/lib/thumb/v6-m/nofp/libc_nano.a(lib_a-snprintf.o)
                0x0000000008008700                snprintf
                0x0000000008008700                sniprintf
 .text.sprintf  0x0000000008008768       0x40 /opt/st/stm32cubeide_1.10.1/plugins/com.st.stm32cube.ide.mcu.externaltools.gnu-tools-for-stm32.10.3-2021.10.linux64_1.0.0.202111181127/tools/bin/../lib/gcc/arm-none-eabi/10.3.1/../../../../arm-none-eabi/lib/thumb/v6-m/nofp/libc_nano.a(lib_a-sprintf.o)
                0x0000000008008768                sprintf
                0x0000000008008768                siprintf
 .text.quorem   0x00000000080087a8      0x116 /opt/st/stm32cubeide_1.10.1/plugins/com.st.stm32cube.ide.mcu.externaltools.gnu-tools-for-stm32.10.3-2021.10.linux64_1.0.0.202111181127/tools/bin/../lib/gcc/arm-none-eabi/10.3.1/../../../../arm-none-eabi/lib/thumb/v6-m/nofp/libc_nano.a(lib_a-dtoa.o)
 *fill*         0x00000000080088be        0x2 
 .text._dtoa_r  0x00000000080088c0      0xc34 /opt/st/stm32cubeide_1.10.1/plugins/com.st.stm32cube.ide.mcu.externaltools.gnu-tools-for-stm32.10.3-2021.10.linux64_1.0.0.202111181127/tools/bin/../lib/gcc/arm-none-eabi/10.3.1/../../../../arm-none-eabi/lib/thumb/v6-m/nofp/libc_nano.a(lib_a-dtoa.o)
                0x00000000080088c0                _dtoa_r
 .text._localeconv_r
                0x00000000080094f4        0x8 /opt/st/stm32cubeide_1.10.1/plugins/com.st.stm32cube.ide.mcu.externaltools.gnu-tools-for-stm32.10.3-2021.10.linux64_1.0.0.202111181127/tools/bin/../lib/gcc/arm-none-eabi/10.3.1/../../../../arm-none-eabi/lib/thumb/v6-m/nofp/libc_nano.a(lib_a-localeconv.o)
                0x00000000080094f4                _localeconv_r
 .text.malloc   0x00000000080094fc       0x14 /opt/st/stm32cubeide_1.10.1/plugins/com.st.stm32cube.ide.mcu.externaltools.gnu-tools-for-stm32.10.3-2021.10.linux64_1.0.0.202111181127/tools/bin/../lib/gcc/arm-none-eabi/10.3.1/../../../../arm-none-eabi/lib/thumb/v6-m/nofp/libc_nano.a(lib_a-malloc.o)
                0x00000000080094fc                malloc
 .text.memchr   0x0000000008009510       0x16 /opt/st/stm32cubeide_1.10.1/plugins/com.st.stm32cube.ide.mcu.externaltools.gnu-tools-for-stm32.10.3-2021.10.linux64_1.0.0.202111181127/tools/bin/../lib/gcc/arm-none-eabi/10.3.1/../../../../arm-none-eabi/lib/thumb/v6-m/nofp/libc_nano.a(lib_a-memchr-stub.o)
                0x0000000008009510                memchr
 .text.memcpy   0x0000000008009526       0x12 /opt/st/stm32cubeide_1.10.1/plugins/com.st.stm32cube.ide.mcu.externaltools.gnu-tools-for-stm32.10.3-2021.10.linux64_1.0.0.202111181127/tools/bin/../lib/gcc/arm-none-eabi/10.3.1/../../../../arm-none-eabi/lib/thumb/v6-m/nofp/libc_nano.a(lib_a-memcpy-stub.o)
                0x0000000008009526                memcpy
 .text._Balloc  0x0000000008009538       0x88 /opt/st/stm32cubeide_1.10.1/plugins/com.st.stm32cube.ide.mcu.externaltools.gnu-tools-for-stm32.10.3-2021.10.linux64_1.0.0.202111181127/tools/bin/../lib/gcc/arm-none-eabi/10.3.1/../../../../arm-none-eabi/lib/thumb/v6-m/nofp/libc_nano.a(lib_a-mprec.o)
                0x0000000008009538                _Balloc
 .text._Bfree   0x00000000080095c0       0x48 /opt/st/stm32cubeide_1.10.1/plugins/com.st.stm32cube.ide.mcu.externaltools.gnu-tools-for-stm32.10.3-2021.10.linux64_1.0.0.202111181127/tools/bin/../lib/gcc/arm-none-eabi/10.3.1/../../../../arm-none-eabi/lib/thumb/v6-m/nofp/libc_nano.a(lib_a-mprec.o)
                0x00000000080095c0                _Bfree
 .text.__multadd
                0x0000000008009608       0x88 /opt/st/stm32cubeide_1.10.1/plugins/com.st.stm32cube.ide.mcu.externaltools.gnu-tools-for-stm32.10.3-2021.10.linux64_1.0.0.202111181127/tools/bin/../lib/gcc/arm-none-eabi/10.3.1/../../../../arm-none-eabi/lib/thumb/v6-m/nofp/libc_nano.a(lib_a-mprec.o)
                0x0000000008009608                __multadd
 .text.__hi0bits
                0x0000000008009690       0x34 /opt/st/stm32cubeide_1.10.1/plugins/com.st.stm32cube.ide.mcu.externaltools.gnu-tools-for-stm32.10.3-2021.10.linux64_1.0.0.202111181127/tools/bin/../lib/gcc/arm-none-eabi/10.3.1/../../../../arm-none-eabi/lib/thumb/v6-m/nofp/libc_nano.a(lib_a-mprec.o)
                0x0000000008009690                __hi0bits
 .text.__lo0bits
                0x00000000080096c4       0x5c /opt/st/stm32cubeide_1.10.1/plugins/com.st.stm32cube.ide.mcu.externaltools.gnu-tools-for-stm32.10.3-2021.10.linux64_1.0.0.202111181127/tools/bin/../lib/gcc/arm-none-eabi/10.3.1/../../../../arm-none-eabi/lib/thumb/v6-m/nofp/libc_nano.a(lib_a-mprec.o)
                0x00000000080096c4                __lo0bits
 .text.__i2b    0x0000000008009720       0x2c /opt/st/stm32cubeide_1.10.1/plugins/com.st.stm32cube.ide.mcu.externaltools.gnu-tools-for-stm32.10.3-2021.10.linux64_1.0.0.202111181127/tools/bin/../lib/gcc/arm-none-eabi/10.3.1/../../../../arm-none-eabi/lib/thumb/v6-m/nofp/libc_nano.a(lib_a-mprec.o)
                0x0000000008009720                __i2b
 .text.__multiply
                0x000000000800974c      0x160 /opt/st/stm32cubeide_1.10.1/plugins/com.st.stm32cube.ide.mcu.externaltools.gnu-tools-for-stm32.10.3-2021.10.linux64_1.0.0.202111181127/tools/bin/../lib/gcc/arm-none-eabi/10.3.1/../../../../arm-none-eabi/lib/thumb/v6-m/nofp/libc_nano.a(lib_a-mprec.o)
                0x000000000800974c                __multiply
 .text.__pow5mult
                0x00000000080098ac       0xb8 /opt/st/stm32cubeide_1.10.1/plugins/com.st.stm32cube.ide.mcu.externaltools.gnu-tools-for-stm32.10.3-2021.10.linux64_1.0.0.202111181127/tools/bin/../lib/gcc/arm-none-eabi/10.3.1/../../../../arm-none-eabi/lib/thumb/v6-m/nofp/libc_nano.a(lib_a-mprec.o)
                0x00000000080098ac                __pow5mult
 .text.__lshift
                0x0000000008009964       0xdc /opt/st/stm32cubeide_1.10.1/plugins/com.st.stm32cube.ide.mcu.externaltools.gnu-tools-for-stm32.10.3-2021.10.linux64_1.0.0.202111181127/tools/bin/../lib/gcc/arm-none-eabi/10.3.1/../../../../arm-none-eabi/lib/thumb/v6-m/nofp/libc_nano.a(lib_a-mprec.o)
                0x0000000008009964                __lshift
 .text.__mcmp   0x0000000008009a40       0x36 /opt/st/stm32cubeide_1.10.1/plugins/com.st.stm32cube.ide.mcu.externaltools.gnu-tools-for-stm32.10.3-2021.10.linux64_1.0.0.202111181127/tools/bin/../lib/gcc/arm-none-eabi/10.3.1/../../../../arm-none-eabi/lib/thumb/v6-m/nofp/libc_nano.a(lib_a-mprec.o)
                0x0000000008009a40                __mcmp
 *fill*         0x0000000008009a76        0x2 
 .text.__mdiff  0x0000000008009a78      0x130 /opt/st/stm32cubeide_1.10.1/plugins/com.st.stm32cube.ide.mcu.externaltools.gnu-tools-for-stm32.10.3-2021.10.linux64_1.0.0.202111181127/tools/bin/../lib/gcc/arm-none-eabi/10.3.1/../../../../arm-none-eabi/lib/thumb/v6-m/nofp/libc_nano.a(lib_a-mprec.o)
                0x0000000008009a78                __mdiff
 .text.__d2b    0x0000000008009ba8       0xc8 /opt/st/stm32cubeide_1.10.1/plugins/com.st.stm32cube.ide.mcu.externaltools.gnu-tools-for-stm32.10.3-2021.10.linux64_1.0.0.202111181127/tools/bin/../lib/gcc/arm-none-eabi/10.3.1/../../../../arm-none-eabi/lib/thumb/v6-m/nofp/libc_nano.a(lib_a-mprec.o)
                0x0000000008009ba8                __d2b
 .text._calloc_r
                0x0000000008009c70       0x58 /opt/st/stm32cubeide_1.10.1/plugins/com.st.stm32cube.ide.mcu.externaltools.gnu-tools-for-stm32.10.3-2021.10.linux64_1.0.0.202111181127/tools/bin/../lib/gcc/arm-none-eabi/10.3.1/../../../../arm-none-eabi/lib/thumb/v6-m/nofp/libc_nano.a(lib_a-nano-callocr.o)
                0x0000000008009c70                _calloc_r
 .text._free_r  0x0000000008009cc8       0x94 /opt/st/stm32cubeide_1.10.1/plugins/com.st.stm32cube.ide.mcu.externaltools.gnu-tools-for-stm32.10.3-2021.10.linux64_1.0.0.202111181127/tools/bin/../lib/gcc/arm-none-eabi/10.3.1/../../../../arm-none-eabi/lib/thumb/v6-m/nofp/libc_nano.a(lib_a-nano-freer.o)
                0x0000000008009cc8                _free_r
 .text.sbrk_aligned
                0x0000000008009d5c       0x44 /opt/st/stm32cubeide_1.10.1/plugins/com.st.stm32cube.ide.mcu.externaltools.gnu-tools-for-stm32.10.3-2021.10.linux64_1.0.0.202111181127/tools/bin/../lib/gcc/arm-none-eabi/10.3.1/../../../../arm-none-eabi/lib/thumb/v6-m/nofp/libc_nano.a(lib_a-nano-mallocr.o)
 .text._malloc_r
                0x0000000008009da0       0xec /opt/st/stm32cubeide_1.10.1/plugins/com.st.stm32cube.ide.mcu.externaltools.gnu-tools-for-stm32.10.3-2021.10.linux64_1.0.0.202111181127/tools/bin/../lib/gcc/arm-none-eabi/10.3.1/../../../../arm-none-eabi/lib/thumb/v6-m/nofp/libc_nano.a(lib_a-nano-mallocr.o)
                0x0000000008009da0                _malloc_r
 .text.__ssputs_r
                0x0000000008009e8c       0xc4 /opt/st/stm32cubeide_1.10.1/plugins/com.st.stm32cube.ide.mcu.externaltools.gnu-tools-for-stm32.10.3-2021.10.linux64_1.0.0.202111181127/tools/bin/../lib/gcc/arm-none-eabi/10.3.1/../../../../arm-none-eabi/lib/thumb/v6-m/nofp/libc_nano.a(lib_a-nano-svfprintf.o)
                0x0000000008009e8c                __ssputs_r
 .text._svfprintf_r
                0x0000000008009f50      0x200 /opt/st/stm32cubeide_1.10.1/plugins/com.st.stm32cube.ide.mcu.externaltools.gnu-tools-for-stm32.10.3-2021.10.linux64_1.0.0.202111181127/tools/bin/../lib/gcc/arm-none-eabi/10.3.1/../../../../arm-none-eabi/lib/thumb/v6-m/nofp/libc_nano.a(lib_a-nano-svfprintf.o)
                0x0000000008009f50                _svfprintf_r
                0x0000000008009f50                _svfiprintf_r
 .text._sbrk_r  0x000000000800a150       0x24 /opt/st/stm32cubeide_1.10.1/plugins/com.st.stm32cube.ide.mcu.externaltools.gnu-tools-for-stm32.10.3-2021.10.linux64_1.0.0.202111181127/tools/bin/../lib/gcc/arm-none-eabi/10.3.1/../../../../arm-none-eabi/lib/thumb/v6-m/nofp/libc_nano.a(lib_a-sbrkr.o)
                0x000000000800a150                _sbrk_r
 .text.__assert_func
                0x000000000800a174       0x3c /opt/st/stm32cubeide_1.10.1/plugins/com.st.stm32cube.ide.mcu.externaltools.gnu-tools-for-stm32.10.3-2021.10.linux64_1.0.0.202111181127/tools/bin/../lib/gcc/arm-none-eabi/10.3.1/../../../../arm-none-eabi/lib/thumb/v6-m/nofp/libc_nano.a(lib_a-assert.o)
                0x000000000800a174                __assert_func
 .text.fprintf  0x000000000800a1b0       0x20 /opt/st/stm32cubeide_1.10.1/plugins/com.st.stm32cube.ide.mcu.externaltools.gnu-tools-for-stm32.10.3-2021.10.linux64_1.0.0.202111181127/tools/bin/../lib/gcc/arm-none-eabi/10.3.1/../../../../arm-none-eabi/lib/thumb/v6-m/nofp/libc_nano.a(lib_a-fprintf.o)
                0x000000000800a1b0                fprintf
                0x000000000800a1b0                fiprintf
 .text.__ascii_mbtowc
                0x000000000800a1d0       0x24 /opt/st/stm32cubeide_1.10.1/plugins/com.st.stm32cube.ide.mcu.externaltools.gnu-tools-for-stm32.10.3-2021.10.linux64_1.0.0.202111181127/tools/bin/../lib/gcc/arm-none-eabi/10.3.1/../../../../arm-none-eabi/lib/thumb/v6-m/nofp/libc_nano.a(lib_a-mbtowc_r.o)
                0x000000000800a1d0                __ascii_mbtowc
 .text.memmove  0x000000000800a1f4       0x26 /opt/st/stm32cubeide_1.10.1/plugins/com.st.stm32cube.ide.mcu.externaltools.gnu-tools-for-stm32.10.3-2021.10.linux64_1.0.0.202111181127/tools/bin/../lib/gcc/arm-none-eabi/10.3.1/../../../../arm-none-eabi/lib/thumb/v6-m/nofp/libc_nano.a(lib_a-memmove.o)
                0x000000000800a1f4                memmove
 *fill*         0x000000000800a21a        0x2 
 .text.__malloc_lock
                0x000000000800a21c       0x10 /opt/st/stm32cubeide_1.10.1/plugins/com.st.stm32cube.ide.mcu.externaltools.gnu-tools-for-stm32.10.3-2021.10.linux64_1.0.0.202111181127/tools/bin/../lib/gcc/arm-none-eabi/10.3.1/../../../../arm-none-eabi/lib/thumb/v6-m/nofp/libc_nano.a(lib_a-mlock.o)
                0x000000000800a21c                __malloc_lock
 .text.__malloc_unlock
                0x000000000800a22c       0x10 /opt/st/stm32cubeide_1.10.1/plugins/com.st.stm32cube.ide.mcu.externaltools.gnu-tools-for-stm32.10.3-2021.10.linux64_1.0.0.202111181127/tools/bin/../lib/gcc/arm-none-eabi/10.3.1/../../../../arm-none-eabi/lib/thumb/v6-m/nofp/libc_nano.a(lib_a-mlock.o)
                0x000000000800a22c                __malloc_unlock
 .text._realloc_r
                0x000000000800a23c       0x5e /opt/st/stm32cubeide_1.10.1/plugins/com.st.stm32cube.ide.mcu.externaltools.gnu-tools-for-stm32.10.3-2021.10.linux64_1.0.0.202111181127/tools/bin/../lib/gcc/arm-none-eabi/10.3.1/../../../../arm-none-eabi/lib/thumb/v6-m/nofp/libc_nano.a(lib_a-nano-reallocr.o)
                0x000000000800a23c                _realloc_r
 .text.__sfputc_r
                0x000000000800a29a       0x2a /opt/st/stm32cubeide_1.10.1/plugins/com.st.stm32cube.ide.mcu.externaltools.gnu-tools-for-stm32.10.3-2021.10.linux64_1.0.0.202111181127/tools/bin/../lib/gcc/arm-none-eabi/10.3.1/../../../../arm-none-eabi/lib/thumb/v6-m/nofp/libc_nano.a(lib_a-nano-vfprintf.o)
 .text.__sfputs_r
                0x000000000800a2c4       0x24 /opt/st/stm32cubeide_1.10.1/plugins/com.st.stm32cube.ide.mcu.externaltools.gnu-tools-for-stm32.10.3-2021.10.linux64_1.0.0.202111181127/tools/bin/../lib/gcc/arm-none-eabi/10.3.1/../../../../arm-none-eabi/lib/thumb/v6-m/nofp/libc_nano.a(lib_a-nano-vfprintf.o)
                0x000000000800a2c4                __sfputs_r
 .text._vfprintf_r
                0x000000000800a2e8      0x274 /opt/st/stm32cubeide_1.10.1/plugins/com.st.stm32cube.ide.mcu.externaltools.gnu-tools-for-stm32.10.3-2021.10.linux64_1.0.0.202111181127/tools/bin/../lib/gcc/arm-none-eabi/10.3.1/../../../../arm-none-eabi/lib/thumb/v6-m/nofp/libc_nano.a(lib_a-nano-vfprintf.o)
                0x000000000800a2e8                _vfiprintf_r
                0x000000000800a2e8                _vfprintf_r
 .text.__swbuf_r
                0x000000000800a55c       0xac /opt/st/stm32cubeide_1.10.1/plugins/com.st.stm32cube.ide.mcu.externaltools.gnu-tools-for-stm32.10.3-2021.10.linux64_1.0.0.202111181127/tools/bin/../lib/gcc/arm-none-eabi/10.3.1/../../../../arm-none-eabi/lib/thumb/v6-m/nofp/libc_nano.a(lib_a-wbuf.o)
                0x000000000800a55c                __swbuf_r
 .text.__ascii_wctomb
                0x000000000800a608       0x1a /opt/st/stm32cubeide_1.10.1/plugins/com.st.stm32cube.ide.mcu.externaltools.gnu-tools-for-stm32.10.3-2021.10.linux64_1.0.0.202111181127/tools/bin/../lib/gcc/arm-none-eabi/10.3.1/../../../../arm-none-eabi/lib/thumb/v6-m/nofp/libc_nano.a(lib_a-wctomb_r.o)
                0x000000000800a608                __ascii_wctomb
 *fill*         0x000000000800a622        0x2 
 .text.__swsetup_r
                0x000000000800a624       0xf0 /opt/st/stm32cubeide_1.10.1/plugins/com.st.stm32cube.ide.mcu.externaltools.gnu-tools-for-stm32.10.3-2021.10.linux64_1.0.0.202111181127/tools/bin/../lib/gcc/arm-none-eabi/10.3.1/../../../../arm-none-eabi/lib/thumb/v6-m/nofp/libc_nano.a(lib_a-wsetup.o)
                0x000000000800a624                __swsetup_r
 .text.abort    0x000000000800a714        0xe /opt/st/stm32cubeide_1.10.1/plugins/com.st.stm32cube.ide.mcu.externaltools.gnu-tools-for-stm32.10.3-2021.10.linux64_1.0.0.202111181127/tools/bin/../lib/gcc/arm-none-eabi/10.3.1/../../../../arm-none-eabi/lib/thumb/v6-m/nofp/libc_nano.a(lib_a-abort.o)
                0x000000000800a714                abort
 *fill*         0x000000000800a722        0x2 
 .text.__sflush_r
                0x000000000800a724      0x118 /opt/st/stm32cubeide_1.10.1/plugins/com.st.stm32cube.ide.mcu.externaltools.gnu-tools-for-stm32.10.3-2021.10.linux64_1.0.0.202111181127/tools/bin/../lib/gcc/arm-none-eabi/10.3.1/../../../../arm-none-eabi/lib/thumb/v6-m/nofp/libc_nano.a(lib_a-fflush.o)
                0x000000000800a724                __sflush_r
 .text._fflush_r
                0x000000000800a83c       0x80 /opt/st/stm32cubeide_1.10.1/plugins/com.st.stm32cube.ide.mcu.externaltools.gnu-tools-for-stm32.10.3-2021.10.linux64_1.0.0.202111181127/tools/bin/../lib/gcc/arm-none-eabi/10.3.1/../../../../arm-none-eabi/lib/thumb/v6-m/nofp/libc_nano.a(lib_a-fflush.o)
                0x000000000800a83c                _fflush_r
 .text.std      0x000000000800a8bc       0x48 /opt/st/stm32cubeide_1.10.1/plugins/com.st.stm32cube.ide.mcu.externaltools.gnu-tools-for-stm32.10.3-2021.10.linux64_1.0.0.202111181127/tools/bin/../lib/gcc/arm-none-eabi/10.3.1/../../../../arm-none-eabi/lib/thumb/v6-m/nofp/libc_nano.a(lib_a-findfp.o)
 .text._cleanup_r
                0x000000000800a904       0x10 /opt/st/stm32cubeide_1.10.1/plugins/com.st.stm32cube.ide.mcu.externaltools.gnu-tools-for-stm32.10.3-2021.10.linux64_1.0.0.202111181127/tools/bin/../lib/gcc/arm-none-eabi/10.3.1/../../../../arm-none-eabi/lib/thumb/v6-m/nofp/libc_nano.a(lib_a-findfp.o)
                0x000000000800a904                _cleanup_r
 .text.__sfmoreglue
                0x000000000800a914       0x2c /opt/st/stm32cubeide_1.10.1/plugins/com.st.stm32cube.ide.mcu.externaltools.gnu-tools-for-stm32.10.3-2021.10.linux64_1.0.0.202111181127/tools/bin/../lib/gcc/arm-none-eabi/10.3.1/../../../../arm-none-eabi/lib/thumb/v6-m/nofp/libc_nano.a(lib_a-findfp.o)
                0x000000000800a914                __sfmoreglue
 .text.__sfp_lock_acquire
                0x000000000800a940       0x10 /opt/st/stm32cubeide_1.10.1/plugins/com.st.stm32cube.ide.mcu.externaltools.gnu-tools-for-stm32.10.3-2021.10.linux64_1.0.0.202111181127/tools/bin/../lib/gcc/arm-none-eabi/10.3.1/../../../../arm-none-eabi/lib/thumb/v6-m/nofp/libc_nano.a(lib_a-findfp.o)
                0x000000000800a940                __sfp_lock_acquire
 .text.__sfp_lock_release
                0x000000000800a950       0x10 /opt/st/stm32cubeide_1.10.1/plugins/com.st.stm32cube.ide.mcu.externaltools.gnu-tools-for-stm32.10.3-2021.10.linux64_1.0.0.202111181127/tools/bin/../lib/gcc/arm-none-eabi/10.3.1/../../../../arm-none-eabi/lib/thumb/v6-m/nofp/libc_nano.a(lib_a-findfp.o)
                0x000000000800a950                __sfp_lock_release
 .text.__sinit_lock_acquire
                0x000000000800a960       0x10 /opt/st/stm32cubeide_1.10.1/plugins/com.st.stm32cube.ide.mcu.externaltools.gnu-tools-for-stm32.10.3-2021.10.linux64_1.0.0.202111181127/tools/bin/../lib/gcc/arm-none-eabi/10.3.1/../../../../arm-none-eabi/lib/thumb/v6-m/nofp/libc_nano.a(lib_a-findfp.o)
                0x000000000800a960                __sinit_lock_acquire
 .text.__sinit_lock_release
                0x000000000800a970       0x10 /opt/st/stm32cubeide_1.10.1/plugins/com.st.stm32cube.ide.mcu.externaltools.gnu-tools-for-stm32.10.3-2021.10.linux64_1.0.0.202111181127/tools/bin/../lib/gcc/arm-none-eabi/10.3.1/../../../../arm-none-eabi/lib/thumb/v6-m/nofp/libc_nano.a(lib_a-findfp.o)
                0x000000000800a970                __sinit_lock_release
 .text.__sinit  0x000000000800a980       0x70 /opt/st/stm32cubeide_1.10.1/plugins/com.st.stm32cube.ide.mcu.externaltools.gnu-tools-for-stm32.10.3-2021.10.linux64_1.0.0.202111181127/tools/bin/../lib/gcc/arm-none-eabi/10.3.1/../../../../arm-none-eabi/lib/thumb/v6-m/nofp/libc_nano.a(lib_a-findfp.o)
                0x000000000800a980                __sinit
 .text.__sfp    0x000000000800a9f0       0x90 /opt/st/stm32cubeide_1.10.1/plugins/com.st.stm32cube.ide.mcu.externaltools.gnu-tools-for-stm32.10.3-2021.10.linux64_1.0.0.202111181127/tools/bin/../lib/gcc/arm-none-eabi/10.3.1/../../../../arm-none-eabi/lib/thumb/v6-m/nofp/libc_nano.a(lib_a-findfp.o)
                0x000000000800a9f0                __sfp
 .text._fwalk_reent
                0x000000000800aa80       0x40 /opt/st/stm32cubeide_1.10.1/plugins/com.st.stm32cube.ide.mcu.externaltools.gnu-tools-for-stm32.10.3-2021.10.linux64_1.0.0.202111181127/tools/bin/../lib/gcc/arm-none-eabi/10.3.1/../../../../arm-none-eabi/lib/thumb/v6-m/nofp/libc_nano.a(lib_a-fwalk.o)
                0x000000000800aa80                _fwalk_reent
 .text.__retarget_lock_init_recursive
                0x000000000800aac0        0x2 /opt/st/stm32cubeide_1.10.1/plugins/com.st.stm32cube.ide.mcu.externaltools.gnu-tools-for-stm32.10.3-2021.10.linux64_1.0.0.202111181127/tools/bin/../lib/gcc/arm-none-eabi/10.3.1/../../../../arm-none-eabi/lib/thumb/v6-m/nofp/libc_nano.a(lib_a-lock.o)
                0x000000000800aac0                __retarget_lock_init_recursive
 .text.__retarget_lock_acquire_recursive
                0x000000000800aac2        0x2 /opt/st/stm32cubeide_1.10.1/plugins/com.st.stm32cube.ide.mcu.externaltools.gnu-tools-for-stm32.10.3-2021.10.linux64_1.0.0.202111181127/tools/bin/../lib/gcc/arm-none-eabi/10.3.1/../../../../arm-none-eabi/lib/thumb/v6-m/nofp/libc_nano.a(lib_a-lock.o)
                0x000000000800aac2                __retarget_lock_acquire_recursive
 .text.__retarget_lock_release_recursive
                0x000000000800aac4        0x2 /opt/st/stm32cubeide_1.10.1/plugins/com.st.stm32cube.ide.mcu.externaltools.gnu-tools-for-stm32.10.3-2021.10.linux64_1.0.0.202111181127/tools/bin/../lib/gcc/arm-none-eabi/10.3.1/../../../../arm-none-eabi/lib/thumb/v6-m/nofp/libc_nano.a(lib_a-lock.o)
                0x000000000800aac4                __retarget_lock_release_recursive
 *fill*         0x000000000800aac6        0x2 
 .text.__swhatbuf_r
                0x000000000800aac8       0x50 /opt/st/stm32cubeide_1.10.1/plugins/com.st.stm32cube.ide.mcu.externaltools.gnu-tools-for-stm32.10.3-2021.10.linux64_1.0.0.202111181127/tools/bin/../lib/gcc/arm-none-eabi/10.3.1/../../../../arm-none-eabi/lib/thumb/v6-m/nofp/libc_nano.a(lib_a-makebuf.o)
                0x000000000800aac8                __swhatbuf_r
 .text.__smakebuf_r
                0x000000000800ab18       0x88 /opt/st/stm32cubeide_1.10.1/plugins/com.st.stm32cube.ide.mcu.externaltools.gnu-tools-for-stm32.10.3-2021.10.linux64_1.0.0.202111181127/tools/bin/../lib/gcc/arm-none-eabi/10.3.1/../../../../arm-none-eabi/lib/thumb/v6-m/nofp/libc_nano.a(lib_a-makebuf.o)
                0x000000000800ab18                __smakebuf_r
 .text._malloc_usable_size_r
                0x000000000800aba0       0x10 /opt/st/stm32cubeide_1.10.1/plugins/com.st.stm32cube.ide.mcu.externaltools.gnu-tools-for-stm32.10.3-2021.10.linux64_1.0.0.202111181127/tools/bin/../lib/gcc/arm-none-eabi/10.3.1/../../../../arm-none-eabi/lib/thumb/v6-m/nofp/libc_nano.a(lib_a-nano-msizer.o)
                0x000000000800aba0                _malloc_usable_size_r
 .text._raise_r
                0x000000000800abb0       0x54 /opt/st/stm32cubeide_1.10.1/plugins/com.st.stm32cube.ide.mcu.externaltools.gnu-tools-for-stm32.10.3-2021.10.linux64_1.0.0.202111181127/tools/bin/../lib/gcc/arm-none-eabi/10.3.1/../../../../arm-none-eabi/lib/thumb/v6-m/nofp/libc_nano.a(lib_a-signal.o)
                0x000000000800abb0                _raise_r
 .text.raise    0x000000000800ac04       0x14 /opt/st/stm32cubeide_1.10.1/plugins/com.st.stm32cube.ide.mcu.externaltools.gnu-tools-for-stm32.10.3-2021.10.linux64_1.0.0.202111181127/tools/bin/../lib/gcc/arm-none-eabi/10.3.1/../../../../arm-none-eabi/lib/thumb/v6-m/nofp/libc_nano.a(lib_a-signal.o)
                0x000000000800ac04                raise
 .text._kill_r  0x000000000800ac18       0x24 /opt/st/stm32cubeide_1.10.1/plugins/com.st.stm32cube.ide.mcu.externaltools.gnu-tools-for-stm32.10.3-2021.10.linux64_1.0.0.202111181127/tools/bin/../lib/gcc/arm-none-eabi/10.3.1/../../../../arm-none-eabi/lib/thumb/v6-m/nofp/libc_nano.a(lib_a-signalr.o)
                0x000000000800ac18                _kill_r
 .text._getpid_r
                0x000000000800ac3c        0x8 /opt/st/stm32cubeide_1.10.1/plugins/com.st.stm32cube.ide.mcu.externaltools.gnu-tools-for-stm32.10.3-2021.10.linux64_1.0.0.202111181127/tools/bin/../lib/gcc/arm-none-eabi/10.3.1/../../../../arm-none-eabi/lib/thumb/v6-m/nofp/libc_nano.a(lib_a-signalr.o)
                0x000000000800ac3c                _getpid_r
 .text.__sread  0x000000000800ac44       0x28 /opt/st/stm32cubeide_1.10.1/plugins/com.st.stm32cube.ide.mcu.externaltools.gnu-tools-for-stm32.10.3-2021.10.linux64_1.0.0.202111181127/tools/bin/../lib/gcc/arm-none-eabi/10.3.1/../../../../arm-none-eabi/lib/thumb/v6-m/nofp/libc_nano.a(lib_a-stdio.o)
                0x000000000800ac44                __sread
 .text.__swrite
                0x000000000800ac6c       0x38 /opt/st/stm32cubeide_1.10.1/plugins/com.st.stm32cube.ide.mcu.externaltools.gnu-tools-for-stm32.10.3-2021.10.linux64_1.0.0.202111181127/tools/bin/../lib/gcc/arm-none-eabi/10.3.1/../../../../arm-none-eabi/lib/thumb/v6-m/nofp/libc_nano.a(lib_a-stdio.o)
                0x000000000800ac6c                __swrite
 .text.__sseek  0x000000000800aca4       0x2c /opt/st/stm32cubeide_1.10.1/plugins/com.st.stm32cube.ide.mcu.externaltools.gnu-tools-for-stm32.10.3-2021.10.linux64_1.0.0.202111181127/tools/bin/../lib/gcc/arm-none-eabi/10.3.1/../../../../arm-none-eabi/lib/thumb/v6-m/nofp/libc_nano.a(lib_a-stdio.o)
                0x000000000800aca4                __sseek
 .text.__sclose
                0x000000000800acd0        0xc /opt/st/stm32cubeide_1.10.1/plugins/com.st.stm32cube.ide.mcu.externaltools.gnu-tools-for-stm32.10.3-2021.10.linux64_1.0.0.202111181127/tools/bin/../lib/gcc/arm-none-eabi/10.3.1/../../../../arm-none-eabi/lib/thumb/v6-m/nofp/libc_nano.a(lib_a-stdio.o)
                0x000000000800acd0                __sclose
 .text._write_r
                0x000000000800acdc       0x28 /opt/st/stm32cubeide_1.10.1/plugins/com.st.stm32cube.ide.mcu.externaltools.gnu-tools-for-stm32.10.3-2021.10.linux64_1.0.0.202111181127/tools/bin/../lib/gcc/arm-none-eabi/10.3.1/../../../../arm-none-eabi/lib/thumb/v6-m/nofp/libc_nano.a(lib_a-writer.o)
                0x000000000800acdc                _write_r
 .text._close_r
                0x000000000800ad04       0x24 /opt/st/stm32cubeide_1.10.1/plugins/com.st.stm32cube.ide.mcu.externaltools.gnu-tools-for-stm32.10.3-2021.10.linux64_1.0.0.202111181127/tools/bin/../lib/gcc/arm-none-eabi/10.3.1/../../../../arm-none-eabi/lib/thumb/v6-m/nofp/libc_nano.a(lib_a-closer.o)
                0x000000000800ad04                _close_r
 .text._fstat_r
                0x000000000800ad28       0x24 /opt/st/stm32cubeide_1.10.1/plugins/com.st.stm32cube.ide.mcu.externaltools.gnu-tools-for-stm32.10.3-2021.10.linux64_1.0.0.202111181127/tools/bin/../lib/gcc/arm-none-eabi/10.3.1/../../../../arm-none-eabi/lib/thumb/v6-m/nofp/libc_nano.a(lib_a-fstatr.o)
                0x000000000800ad28                _fstat_r
 .text._isatty_r
                0x000000000800ad4c       0x24 /opt/st/stm32cubeide_1.10.1/plugins/com.st.stm32cube.ide.mcu.externaltools.gnu-tools-for-stm32.10.3-2021.10.linux64_1.0.0.202111181127/tools/bin/../lib/gcc/arm-none-eabi/10.3.1/../../../../arm-none-eabi/lib/thumb/v6-m/nofp/libc_nano.a(lib_a-isattyr.o)
                0x000000000800ad4c                _isatty_r
 .text._lseek_r
                0x000000000800ad70       0x28 /opt/st/stm32cubeide_1.10.1/plugins/com.st.stm32cube.ide.mcu.externaltools.gnu-tools-for-stm32.10.3-2021.10.linux64_1.0.0.202111181127/tools/bin/../lib/gcc/arm-none-eabi/10.3.1/../../../../arm-none-eabi/lib/thumb/v6-m/nofp/libc_nano.a(lib_a-lseekr.o)
                0x000000000800ad70                _lseek_r
 .text._read_r  0x000000000800ad98       0x28 /opt/st/stm32cubeide_1.10.1/plugins/com.st.stm32cube.ide.mcu.externaltools.gnu-tools-for-stm32.10.3-2021.10.linux64_1.0.0.202111181127/tools/bin/../lib/gcc/arm-none-eabi/10.3.1/../../../../arm-none-eabi/lib/thumb/v6-m/nofp/libc_nano.a(lib_a-readr.o)
                0x000000000800ad98                _read_r
 *(.glue_7)
 .glue_7        0x000000000800adc0        0x0 linker stubs
 *(.glue_7t)
 .glue_7t       0x000000000800adc0        0x0 linker stubs
 *(.eh_frame)
 .eh_frame      0x000000000800adc0        0x0 /opt/st/stm32cubeide_1.10.1/plugins/com.st.stm32cube.ide.mcu.externaltools.gnu-tools-for-stm32.10.3-2021.10.linux64_1.0.0.202111181127/tools/bin/../lib/gcc/arm-none-eabi/10.3.1/thumb/v6-m/nofp/crtbegin.o
 *(.init)
 .init          0x000000000800adc0        0x4 /opt/st/stm32cubeide_1.10.1/plugins/com.st.stm32cube.ide.mcu.externaltools.gnu-tools-for-stm32.10.3-2021.10.linux64_1.0.0.202111181127/tools/bin/../lib/gcc/arm-none-eabi/10.3.1/thumb/v6-m/nofp/crti.o
                0x000000000800adc0                _init
 .init          0x000000000800adc4        0x8 /opt/st/stm32cubeide_1.10.1/plugins/com.st.stm32cube.ide.mcu.externaltools.gnu-tools-for-stm32.10.3-2021.10.linux64_1.0.0.202111181127/tools/bin/../lib/gcc/arm-none-eabi/10.3.1/thumb/v6-m/nofp/crtn.o
 *(.fini)
 .fini          0x000000000800adcc        0x4 /opt/st/stm32cubeide_1.10.1/plugins/com.st.stm32cube.ide.mcu.externaltools.gnu-tools-for-stm32.10.3-2021.10.linux64_1.0.0.202111181127/tools/bin/../lib/gcc/arm-none-eabi/10.3.1/thumb/v6-m/nofp/crti.o
                0x000000000800adcc                _fini
 .fini          0x000000000800add0        0x8 /opt/st/stm32cubeide_1.10.1/plugins/com.st.stm32cube.ide.mcu.externaltools.gnu-tools-for-stm32.10.3-2021.10.linux64_1.0.0.202111181127/tools/bin/../lib/gcc/arm-none-eabi/10.3.1/thumb/v6-m/nofp/crtn.o
                0x000000000800add8                . = ALIGN (0x4)
                0x000000000800add8                _etext = .

.vfp11_veneer   0x000000000800add8        0x0
 .vfp11_veneer  0x000000000800add8        0x0 linker stubs

.v4_bx          0x000000000800add8        0x0
 .v4_bx         0x000000000800add8        0x0 linker stubs

.iplt           0x000000000800add8        0x0
 .iplt          0x000000000800add8        0x0 /opt/st/stm32cubeide_1.10.1/plugins/com.st.stm32cube.ide.mcu.externaltools.gnu-tools-for-stm32.10.3-2021.10.linux64_1.0.0.202111181127/tools/bin/../lib/gcc/arm-none-eabi/10.3.1/thumb/v6-m/nofp/crtbegin.o

.rodata         0x000000000800add8      0x4a4
                0x000000000800add8                . = ALIGN (0x4)
 *(.rodata)
 .rodata        0x000000000800add8        0xf ./Core/Src/main.o
 *fill*         0x000000000800ade7        0x1 
 .rodata        0x000000000800ade8       0x20 ./Drivers/STM32F0xx_HAL_Driver/Src/stm32f0xx_hal_rcc.o
 .rodata        0x000000000800ae08       0x40 /opt/st/stm32cubeide_1.10.1/plugins/com.st.stm32cube.ide.mcu.externaltools.gnu-tools-for-stm32.10.3-2021.10.linux64_1.0.0.202111181127/tools/bin/../lib/gcc/arm-none-eabi/10.3.1/thumb/v6-m/nofp/libgcc.a(divdf3.o)
 .rodata        0x000000000800ae48       0x40 /opt/st/stm32cubeide_1.10.1/plugins/com.st.stm32cube.ide.mcu.externaltools.gnu-tools-for-stm32.10.3-2021.10.linux64_1.0.0.202111181127/tools/bin/../lib/gcc/arm-none-eabi/10.3.1/thumb/v6-m/nofp/libgcc.a(muldf3.o)
 *(.rodata*)
 .rodata.AHBPrescTable
                0x000000000800ae88       0x10 ./Core/Src/system_stm32f0xx.o
                0x000000000800ae88                AHBPrescTable
 .rodata.APBPrescTable
                0x000000000800ae98        0x8 ./Core/Src/system_stm32f0xx.o
                0x000000000800ae98                APBPrescTable
 .rodata._global_impure_ptr
                0x000000000800aea0        0x4 /opt/st/stm32cubeide_1.10.1/plugins/com.st.stm32cube.ide.mcu.externaltools.gnu-tools-for-stm32.10.3-2021.10.linux64_1.0.0.202111181127/tools/bin/../lib/gcc/arm-none-eabi/10.3.1/../../../../arm-none-eabi/lib/thumb/v6-m/nofp/libc_nano.a(lib_a-impure.o)
                0x000000000800aea0                _global_impure_ptr
 .rodata._printf_float.str1.1
                0x000000000800aea4       0x12 /opt/st/stm32cubeide_1.10.1/plugins/com.st.stm32cube.ide.mcu.externaltools.gnu-tools-for-stm32.10.3-2021.10.linux64_1.0.0.202111181127/tools/bin/../lib/gcc/arm-none-eabi/10.3.1/../../../../arm-none-eabi/lib/thumb/v6-m/nofp/libc_nano.a(lib_a-nano-vfprintf_float.o)
 .rodata._printf_i.str1.1
                0x000000000800aeb6       0x22 /opt/st/stm32cubeide_1.10.1/plugins/com.st.stm32cube.ide.mcu.externaltools.gnu-tools-for-stm32.10.3-2021.10.linux64_1.0.0.202111181127/tools/bin/../lib/gcc/arm-none-eabi/10.3.1/../../../../arm-none-eabi/lib/thumb/v6-m/nofp/libc_nano.a(lib_a-nano-vfprintf_i.o)
 .rodata._dtoa_r.str1.1
                0x000000000800aed8       0x90 /opt/st/stm32cubeide_1.10.1/plugins/com.st.stm32cube.ide.mcu.externaltools.gnu-tools-for-stm32.10.3-2021.10.linux64_1.0.0.202111181127/tools/bin/../lib/gcc/arm-none-eabi/10.3.1/../../../../arm-none-eabi/lib/thumb/v6-m/nofp/libc_nano.a(lib_a-dtoa.o)
                                         0x92 (size before relaxing)
 .rodata._Balloc.str1.1
                0x000000000800af68       0x5c /opt/st/stm32cubeide_1.10.1/plugins/com.st.stm32cube.ide.mcu.externaltools.gnu-tools-for-stm32.10.3-2021.10.linux64_1.0.0.202111181127/tools/bin/../lib/gcc/arm-none-eabi/10.3.1/../../../../arm-none-eabi/lib/thumb/v6-m/nofp/libc_nano.a(lib_a-mprec.o)
                                         0x73 (size before relaxing)
 .rodata.__multadd.str1.1
                0x000000000800afc4       0x11 /opt/st/stm32cubeide_1.10.1/plugins/com.st.stm32cube.ide.mcu.externaltools.gnu-tools-for-stm32.10.3-2021.10.linux64_1.0.0.202111181127/tools/bin/../lib/gcc/arm-none-eabi/10.3.1/../../../../arm-none-eabi/lib/thumb/v6-m/nofp/libc_nano.a(lib_a-mprec.o)
 *fill*         0x000000000800afc4        0x4 
 .rodata.__mprec_bigtens
                0x000000000800afc8       0x28 /opt/st/stm32cubeide_1.10.1/plugins/com.st.stm32cube.ide.mcu.externaltools.gnu-tools-for-stm32.10.3-2021.10.linux64_1.0.0.202111181127/tools/bin/../lib/gcc/arm-none-eabi/10.3.1/../../../../arm-none-eabi/lib/thumb/v6-m/nofp/libc_nano.a(lib_a-mprec.o)
                0x000000000800afc8                __mprec_bigtens
 .rodata.__mprec_tens
                0x000000000800aff0       0xc8 /opt/st/stm32cubeide_1.10.1/plugins/com.st.stm32cube.ide.mcu.externaltools.gnu-tools-for-stm32.10.3-2021.10.linux64_1.0.0.202111181127/tools/bin/../lib/gcc/arm-none-eabi/10.3.1/../../../../arm-none-eabi/lib/thumb/v6-m/nofp/libc_nano.a(lib_a-mprec.o)
                0x000000000800aff0                __mprec_tens
 .rodata.p05.0  0x000000000800b0b8        0xc /opt/st/stm32cubeide_1.10.1/plugins/com.st.stm32cube.ide.mcu.externaltools.gnu-tools-for-stm32.10.3-2021.10.linux64_1.0.0.202111181127/tools/bin/../lib/gcc/arm-none-eabi/10.3.1/../../../../arm-none-eabi/lib/thumb/v6-m/nofp/libc_nano.a(lib_a-mprec.o)
 .rodata._svfprintf_r.str1.1
                0x000000000800b0c4       0x11 /opt/st/stm32cubeide_1.10.1/plugins/com.st.stm32cube.ide.mcu.externaltools.gnu-tools-for-stm32.10.3-2021.10.linux64_1.0.0.202111181127/tools/bin/../lib/gcc/arm-none-eabi/10.3.1/../../../../arm-none-eabi/lib/thumb/v6-m/nofp/libc_nano.a(lib_a-nano-svfprintf.o)
 .rodata.__assert_func.str1.1
                0x000000000800b0d5       0x3c /opt/st/stm32cubeide_1.10.1/plugins/com.st.stm32cube.ide.mcu.externaltools.gnu-tools-for-stm32.10.3-2021.10.linux64_1.0.0.202111181127/tools/bin/../lib/gcc/arm-none-eabi/10.3.1/../../../../arm-none-eabi/lib/thumb/v6-m/nofp/libc_nano.a(lib_a-assert.o)
                                         0x3d (size before relaxing)
 .rodata._setlocale_r.str1.1
                0x000000000800b111        0x8 /opt/st/stm32cubeide_1.10.1/plugins/com.st.stm32cube.ide.mcu.externaltools.gnu-tools-for-stm32.10.3-2021.10.linux64_1.0.0.202111181127/tools/bin/../lib/gcc/arm-none-eabi/10.3.1/../../../../arm-none-eabi/lib/thumb/v6-m/nofp/libc_nano.a(lib_a-locale.o)
                                          0x9 (size before relaxing)
 .rodata.str1.1
                0x000000000800b119        0x2 /opt/st/stm32cubeide_1.10.1/plugins/com.st.stm32cube.ide.mcu.externaltools.gnu-tools-for-stm32.10.3-2021.10.linux64_1.0.0.202111181127/tools/bin/../lib/gcc/arm-none-eabi/10.3.1/../../../../arm-none-eabi/lib/thumb/v6-m/nofp/libc_nano.a(lib_a-locale.o)
 .rodata._vfprintf_r.str1.1
                0x000000000800b11b       0x11 /opt/st/stm32cubeide_1.10.1/plugins/com.st.stm32cube.ide.mcu.externaltools.gnu-tools-for-stm32.10.3-2021.10.linux64_1.0.0.202111181127/tools/bin/../lib/gcc/arm-none-eabi/10.3.1/../../../../arm-none-eabi/lib/thumb/v6-m/nofp/libc_nano.a(lib_a-nano-vfprintf.o)
 .rodata._ctype_
                0x000000000800b11b      0x101 /opt/st/stm32cubeide_1.10.1/plugins/com.st.stm32cube.ide.mcu.externaltools.gnu-tools-for-stm32.10.3-2021.10.linux64_1.0.0.202111181127/tools/bin/../lib/gcc/arm-none-eabi/10.3.1/../../../../arm-none-eabi/lib/thumb/v6-m/nofp/libc_nano.a(lib_a-ctype_.o)
                0x000000000800b11b                _ctype_
 .rodata.__sf_fake_stderr
                0x000000000800b21c       0x20 /opt/st/stm32cubeide_1.10.1/plugins/com.st.stm32cube.ide.mcu.externaltools.gnu-tools-for-stm32.10.3-2021.10.linux64_1.0.0.202111181127/tools/bin/../lib/gcc/arm-none-eabi/10.3.1/../../../../arm-none-eabi/lib/thumb/v6-m/nofp/libc_nano.a(lib_a-findfp.o)
                0x000000000800b21c                __sf_fake_stderr
 .rodata.__sf_fake_stdin
                0x000000000800b23c       0x20 /opt/st/stm32cubeide_1.10.1/plugins/com.st.stm32cube.ide.mcu.externaltools.gnu-tools-for-stm32.10.3-2021.10.linux64_1.0.0.202111181127/tools/bin/../lib/gcc/arm-none-eabi/10.3.1/../../../../arm-none-eabi/lib/thumb/v6-m/nofp/libc_nano.a(lib_a-findfp.o)
                0x000000000800b23c                __sf_fake_stdin
 .rodata.__sf_fake_stdout
                0x000000000800b25c       0x20 /opt/st/stm32cubeide_1.10.1/plugins/com.st.stm32cube.ide.mcu.externaltools.gnu-tools-for-stm32.10.3-2021.10.linux64_1.0.0.202111181127/tools/bin/../lib/gcc/arm-none-eabi/10.3.1/../../../../arm-none-eabi/lib/thumb/v6-m/nofp/libc_nano.a(lib_a-findfp.o)
                0x000000000800b25c                __sf_fake_stdout
                0x000000000800b27c                . = ALIGN (0x4)

.rel.dyn        0x000000000800b27c        0x0
 .rel.iplt      0x000000000800b27c        0x0 /opt/st/stm32cubeide_1.10.1/plugins/com.st.stm32cube.ide.mcu.externaltools.gnu-tools-for-stm32.10.3-2021.10.linux64_1.0.0.202111181127/tools/bin/../lib/gcc/arm-none-eabi/10.3.1/thumb/v6-m/nofp/crtbegin.o

.ARM.extab      0x000000000800b27c        0x0
                0x000000000800b27c                . = ALIGN (0x4)
 *(.ARM.extab* .gnu.linkonce.armextab.*)
                0x000000000800b27c                . = ALIGN (0x4)

.ARM            0x000000000800b27c        0x0
                0x000000000800b27c                . = ALIGN (0x4)
                0x000000000800b27c                __exidx_start = .
 *(.ARM.exidx*)
                0x000000000800b27c                __exidx_end = .
                0x000000000800b27c                . = ALIGN (0x4)

.preinit_array  0x000000000800b27c        0x0
                0x000000000800b27c                . = ALIGN (0x4)
                0x000000000800b27c                PROVIDE (__preinit_array_start = .)
 *(.preinit_array*)
                0x000000000800b27c                PROVIDE (__preinit_array_end = .)
                0x000000000800b27c                . = ALIGN (0x4)

.init_array     0x000000000800b27c        0x4
                0x000000000800b27c                . = ALIGN (0x4)
                0x000000000800b27c                PROVIDE (__init_array_start = .)
 *(SORT_BY_NAME(.init_array.*))
 *(.init_array*)
 .init_array    0x000000000800b27c        0x4 /opt/st/stm32cubeide_1.10.1/plugins/com.st.stm32cube.ide.mcu.externaltools.gnu-tools-for-stm32.10.3-2021.10.linux64_1.0.0.202111181127/tools/bin/../lib/gcc/arm-none-eabi/10.3.1/thumb/v6-m/nofp/crtbegin.o
                0x000000000800b280                PROVIDE (__init_array_end = .)
                0x000000000800b280                . = ALIGN (0x4)

.fini_array     0x000000000800b280        0x4
                0x000000000800b280                . = ALIGN (0x4)
                [!provide]                        PROVIDE (__fini_array_start = .)
 *(SORT_BY_NAME(.fini_array.*))
 *(.fini_array*)
 .fini_array    0x000000000800b280        0x4 /opt/st/stm32cubeide_1.10.1/plugins/com.st.stm32cube.ide.mcu.externaltools.gnu-tools-for-stm32.10.3-2021.10.linux64_1.0.0.202111181127/tools/bin/../lib/gcc/arm-none-eabi/10.3.1/thumb/v6-m/nofp/crtbegin.o
                [!provide]                        PROVIDE (__fini_array_end = .)
                0x000000000800b284                . = ALIGN (0x4)
                0x000000000800b284                _sidata = LOADADDR (.data)

.data           0x0000000020000000      0x1dc load address 0x000000000800b284
                0x0000000020000000                . = ALIGN (0x4)
                0x0000000020000000                _sdata = .
 *(.data)
 *(.data*)
 .data.SystemCoreClock
                0x0000000020000000        0x4 ./Core/Src/system_stm32f0xx.o
                0x0000000020000000                SystemCoreClock
 .data.uwTickPrio
                0x0000000020000004        0x4 ./Drivers/STM32F0xx_HAL_Driver/Src/stm32f0xx_hal.o
                0x0000000020000004                uwTickPrio
 .data.uwTickFreq
                0x0000000020000008        0x1 ./Drivers/STM32F0xx_HAL_Driver/Src/stm32f0xx_hal.o
                0x0000000020000008                uwTickFreq
 *fill*         0x0000000020000009        0x3 
 .data._impure_ptr
                0x000000002000000c        0x4 /opt/st/stm32cubeide_1.10.1/plugins/com.st.stm32cube.ide.mcu.externaltools.gnu-tools-for-stm32.10.3-2021.10.linux64_1.0.0.202111181127/tools/bin/../lib/gcc/arm-none-eabi/10.3.1/../../../../arm-none-eabi/lib/thumb/v6-m/nofp/libc_nano.a(lib_a-impure.o)
                0x000000002000000c                _impure_ptr
 .data.impure_data
                0x0000000020000010       0x60 /opt/st/stm32cubeide_1.10.1/plugins/com.st.stm32cube.ide.mcu.externaltools.gnu-tools-for-stm32.10.3-2021.10.linux64_1.0.0.202111181127/tools/bin/../lib/gcc/arm-none-eabi/10.3.1/../../../../arm-none-eabi/lib/thumb/v6-m/nofp/libc_nano.a(lib_a-impure.o)
 .data.__global_locale
                0x0000000020000070      0x16c /opt/st/stm32cubeide_1.10.1/plugins/com.st.stm32cube.ide.mcu.externaltools.gnu-tools-for-stm32.10.3-2021.10.linux64_1.0.0.202111181127/tools/bin/../lib/gcc/arm-none-eabi/10.3.1/../../../../arm-none-eabi/lib/thumb/v6-m/nofp/libc_nano.a(lib_a-locale.o)
                0x0000000020000070                __global_locale
 *(.RamFunc)
 *(.RamFunc*)
                0x00000000200001dc                . = ALIGN (0x4)
                0x00000000200001dc                _edata = .

.igot.plt       0x00000000200001dc        0x0 load address 0x000000000800b460
 .igot.plt      0x00000000200001dc        0x0 /opt/st/stm32cubeide_1.10.1/plugins/com.st.stm32cube.ide.mcu.externaltools.gnu-tools-for-stm32.10.3-2021.10.linux64_1.0.0.202111181127/tools/bin/../lib/gcc/arm-none-eabi/10.3.1/thumb/v6-m/nofp/crtbegin.o
                0x00000000200001dc                . = ALIGN (0x4)

.bss            0x00000000200001dc      0x1fc load address 0x000000000800b460
                0x00000000200001dc                _sbss = .
                0x00000000200001dc                __bss_start__ = _sbss
 *(.bss)
 .bss           0x00000000200001dc       0x1c /opt/st/stm32cubeide_1.10.1/plugins/com.st.stm32cube.ide.mcu.externaltools.gnu-tools-for-stm32.10.3-2021.10.linux64_1.0.0.202111181127/tools/bin/../lib/gcc/arm-none-eabi/10.3.1/thumb/v6-m/nofp/crtbegin.o
 *(.bss*)
 .bss.hspi1     0x00000000200001f8       0x64 ./Core/Src/main.o
                0x00000000200001f8                hspi1
 .bss.htim3     0x000000002000025c       0x48 ./Core/Src/main.o
                0x000000002000025c                htim3
 .bss.huart2    0x00000000200002a4       0x84 ./Core/Src/main.o
                0x00000000200002a4                huart2
 .bss.hdma_usart2_tx
                0x0000000020000328       0x44 ./Core/Src/main.o
                0x0000000020000328                hdma_usart2_tx
 .bss.buffer    0x000000002000036c       0x20 ./Core/Src/main.o
                0x000000002000036c                buffer
 .bss.gyro_scale_factor
                0x000000002000038c        0x4 ./Core/Src/main.o
 .bss.accel_scale_factor
                0x0000000020000390        0x4 ./Core/Src/main.o
 .bss.my_gyro   0x0000000020000394        0xc ./Core/Src/main.o
                0x0000000020000394                my_gyro
 .bss.my_accel  0x00000000200003a0        0xc ./Core/Src/main.o
                0x00000000200003a0                my_accel
 .bss.my_mag    0x00000000200003ac        0xc ./Core/Src/main.o
                0x00000000200003ac                my_mag
 .bss.reg_val.1
                0x00000000200003b8        0x6 ./Core/Src/main.o
 *fill*         0x00000000200003be        0x2 
 .bss.__sbrk_heap_end
                0x00000000200003c0        0x4 ./Core/Src/sysmem.o
 .bss.uwTick    0x00000000200003c4        0x4 ./Drivers/STM32F0xx_HAL_Driver/Src/stm32f0xx_hal.o
                0x00000000200003c4                uwTick
 .bss.__malloc_free_list
                0x00000000200003c8        0x4 /opt/st/stm32cubeide_1.10.1/plugins/com.st.stm32cube.ide.mcu.externaltools.gnu-tools-for-stm32.10.3-2021.10.linux64_1.0.0.202111181127/tools/bin/../lib/gcc/arm-none-eabi/10.3.1/../../../../arm-none-eabi/lib/thumb/v6-m/nofp/libc_nano.a(lib_a-nano-mallocr.o)
                0x00000000200003c8                __malloc_free_list
 .bss.__malloc_sbrk_start
                0x00000000200003cc        0x4 /opt/st/stm32cubeide_1.10.1/plugins/com.st.stm32cube.ide.mcu.externaltools.gnu-tools-for-stm32.10.3-2021.10.linux64_1.0.0.202111181127/tools/bin/../lib/gcc/arm-none-eabi/10.3.1/../../../../arm-none-eabi/lib/thumb/v6-m/nofp/libc_nano.a(lib_a-nano-mallocr.o)
                0x00000000200003cc                __malloc_sbrk_start
 .bss.errno     0x00000000200003d0        0x4 /opt/st/stm32cubeide_1.10.1/plugins/com.st.stm32cube.ide.mcu.externaltools.gnu-tools-for-stm32.10.3-2021.10.linux64_1.0.0.202111181127/tools/bin/../lib/gcc/arm-none-eabi/10.3.1/../../../../arm-none-eabi/lib/thumb/v6-m/nofp/libc_nano.a(lib_a-reent.o)
                0x00000000200003d0                errno
 .bss.__lock___malloc_recursive_mutex
                0x00000000200003d4        0x1 /opt/st/stm32cubeide_1.10.1/plugins/com.st.stm32cube.ide.mcu.externaltools.gnu-tools-for-stm32.10.3-2021.10.linux64_1.0.0.202111181127/tools/bin/../lib/gcc/arm-none-eabi/10.3.1/../../../../arm-none-eabi/lib/thumb/v6-m/nofp/libc_nano.a(lib_a-lock.o)
                0x00000000200003d4                __lock___malloc_recursive_mutex
 .bss.__lock___sfp_recursive_mutex
                0x00000000200003d5        0x1 /opt/st/stm32cubeide_1.10.1/plugins/com.st.stm32cube.ide.mcu.externaltools.gnu-tools-for-stm32.10.3-2021.10.linux64_1.0.0.202111181127/tools/bin/../lib/gcc/arm-none-eabi/10.3.1/../../../../arm-none-eabi/lib/thumb/v6-m/nofp/libc_nano.a(lib_a-lock.o)
                0x00000000200003d5                __lock___sfp_recursive_mutex
 .bss.__lock___sinit_recursive_mutex
                0x00000000200003d6        0x1 /opt/st/stm32cubeide_1.10.1/plugins/com.st.stm32cube.ide.mcu.externaltools.gnu-tools-for-stm32.10.3-2021.10.linux64_1.0.0.202111181127/tools/bin/../lib/gcc/arm-none-eabi/10.3.1/../../../../arm-none-eabi/lib/thumb/v6-m/nofp/libc_nano.a(lib_a-lock.o)
                0x00000000200003d6                __lock___sinit_recursive_mutex
 *(COMMON)
                0x00000000200003d8                . = ALIGN (0x4)
 *fill*         0x00000000200003d7        0x1 
                0x00000000200003d8                _ebss = .
                0x00000000200003d8                __bss_end__ = _ebss

._user_heap_stack
                0x00000000200003d8      0x600 load address 0x000000000800b460
                0x00000000200003d8                . = ALIGN (0x8)
                [!provide]                        PROVIDE (end = .)
                0x00000000200003d8                PROVIDE (_end = .)
                0x00000000200005d8                . = (. + _Min_Heap_Size)
 *fill*         0x00000000200003d8      0x200 
                0x00000000200009d8                . = (. + _Min_Stack_Size)
 *fill*         0x00000000200005d8      0x400 
                0x00000000200009d8                . = ALIGN (0x8)

/DISCARD/
 libc.a(*)
 libm.a(*)
 libgcc.a(*)

.ARM.attributes
                0x0000000000000000       0x28
 *(.ARM.attributes)
 .ARM.attributes
                0x0000000000000000       0x1e /opt/st/stm32cubeide_1.10.1/plugins/com.st.stm32cube.ide.mcu.externaltools.gnu-tools-for-stm32.10.3-2021.10.linux64_1.0.0.202111181127/tools/bin/../lib/gcc/arm-none-eabi/10.3.1/thumb/v6-m/nofp/crti.o
 .ARM.attributes
                0x000000000000001e       0x2c /opt/st/stm32cubeide_1.10.1/plugins/com.st.stm32cube.ide.mcu.externaltools.gnu-tools-for-stm32.10.3-2021.10.linux64_1.0.0.202111181127/tools/bin/../lib/gcc/arm-none-eabi/10.3.1/thumb/v6-m/nofp/crtbegin.o
 .ARM.attributes
                0x000000000000004a       0x2c ./Core/Src/main.o
 .ARM.attributes
                0x0000000000000076       0x2c ./Core/Src/stm32f0xx_hal_msp.o
 .ARM.attributes
                0x00000000000000a2       0x2c ./Core/Src/stm32f0xx_it.o
 .ARM.attributes
                0x00000000000000ce       0x2c ./Core/Src/syscalls.o
 .ARM.attributes
                0x00000000000000fa       0x2c ./Core/Src/sysmem.o
 .ARM.attributes
                0x0000000000000126       0x2c ./Core/Src/system_stm32f0xx.o
 .ARM.attributes
                0x0000000000000152       0x21 ./Core/Startup/startup_stm32f051r8tx.o
 .ARM.attributes
                0x0000000000000173       0x2c ./Drivers/STM32F0xx_HAL_Driver/Src/stm32f0xx_hal.o
 .ARM.attributes
                0x000000000000019f       0x2c ./Drivers/STM32F0xx_HAL_Driver/Src/stm32f0xx_hal_cortex.o
 .ARM.attributes
                0x00000000000001cb       0x2c ./Drivers/STM32F0xx_HAL_Driver/Src/stm32f0xx_hal_dma.o
 .ARM.attributes
                0x00000000000001f7       0x2c ./Drivers/STM32F0xx_HAL_Driver/Src/stm32f0xx_hal_gpio.o
 .ARM.attributes
                0x0000000000000223       0x2c ./Drivers/STM32F0xx_HAL_Driver/Src/stm32f0xx_hal_rcc.o
 .ARM.attributes
                0x000000000000024f       0x2c ./Drivers/STM32F0xx_HAL_Driver/Src/stm32f0xx_hal_spi.o
 .ARM.attributes
                0x000000000000027b       0x2c ./Drivers/STM32F0xx_HAL_Driver/Src/stm32f0xx_hal_tim.o
 .ARM.attributes
                0x00000000000002a7       0x2c ./Drivers/STM32F0xx_HAL_Driver/Src/stm32f0xx_hal_tim_ex.o
 .ARM.attributes
                0x00000000000002d3       0x2c ./Drivers/STM32F0xx_HAL_Driver/Src/stm32f0xx_hal_uart.o
 .ARM.attributes
                0x00000000000002ff       0x2c ./Drivers/STM32F0xx_HAL_Driver/Src/stm32f0xx_hal_uart_ex.o
 .ARM.attributes
                0x000000000000032b       0x2c /opt/st/stm32cubeide_1.10.1/plugins/com.st.stm32cube.ide.mcu.externaltools.gnu-tools-for-stm32.10.3-2021.10.linux64_1.0.0.202111181127/tools/bin/../lib/gcc/arm-none-eabi/10.3.1/../../../../arm-none-eabi/lib/thumb/v6-m/nofp/libc_nano.a(lib_a-errno.o)
 .ARM.attributes
                0x0000000000000357       0x2c /opt/st/stm32cubeide_1.10.1/plugins/com.st.stm32cube.ide.mcu.externaltools.gnu-tools-for-stm32.10.3-2021.10.linux64_1.0.0.202111181127/tools/bin/../lib/gcc/arm-none-eabi/10.3.1/../../../../arm-none-eabi/lib/thumb/v6-m/nofp/libc_nano.a(lib_a-impure.o)
 .ARM.attributes
                0x0000000000000383       0x2c /opt/st/stm32cubeide_1.10.1/plugins/com.st.stm32cube.ide.mcu.externaltools.gnu-tools-for-stm32.10.3-2021.10.linux64_1.0.0.202111181127/tools/bin/../lib/gcc/arm-none-eabi/10.3.1/../../../../arm-none-eabi/lib/thumb/v6-m/nofp/libc_nano.a(lib_a-init.o)
 .ARM.attributes