../Core/Src/main.c:74:13:phex	32	static
../Core/Src/main.c:91:13:test_encrypt_ecb_verbose	296	static
../Core/Src/main.c:133:12:test_encrypt_ecb	264	static
../Core/Src/main.c:165:12:test_decrypt_cbc	376	static
../Core/Src/main.c:210:12:test_encrypt_cbc	376	static
../Core/Src/main.c:254:12:test_encrypt_ctr	8	static
../Core/Src/main.c:259:12:test_decrypt_ctr	8	static
../Core/Src/main.c:264:12:test_xcrypt_ctr	384	static
../Core/Src/main.c:309:12:test_decrypt_ecb	264	static
../Core/Src/main.c:354:5:main	24	static
../Core/Src/main.c:414:6:SystemClock_Config	80	static
../Core/Src/main.c:453:6:Error_Handler	8	static,ignoring_inline_asm
