../Core/Src/main.c:142:8:debugPrintln	32	static
../Core/Src/main.c:107:5:main	48	static
../Core/Src/main.c:205:6:SystemClock_Config	80	static
../Core/Src/main.c:244:13:MX_SPI1_Init	8	static
../Core/Src/main.c:284:13:MX_TIM3_Init	64	static
../Core/Src/main.c:343:13:MX_USART2_UART_Init	8	static
../Core/Src/main.c:376:13:MX_DMA_Init	16	static
../Core/Src/main.c:394:13:MX_GPIO_Init	48	static
../Core/Src/main.c:438:6:icm20948_init	8	static
../Core/Src/main.c:463:6:ak09916_init	8	static
../Core/Src/main.c:475:6:icm20948_gyro_read	24	static
../Core/Src/main.c:484:6:icm20948_accel_read	24	static
../Core/Src/main.c:494:6:ak09916_mag_read	32	static
../Core/Src/main.c:514:6:icm20948_gyro_read_dps	16	static
../Core/Src/main.c:523:6:icm20948_accel_read_g	16	static
../Core/Src/main.c:532:6:ak09916_mag_read_uT	40	static
../Core/Src/main.c:547:6:icm20948_who_am_i	24	static
../Core/Src/main.c:557:6:ak09916_who_am_i	24	static
../Core/Src/main.c:567:6:icm20948_device_reset	8	static
../Core/Src/main.c:573:6:ak09916_soft_reset	8	static
../Core/Src/main.c:579:6:icm20948_wakeup	24	static
../Core/Src/main.c:588:6:icm20948_sleep	24	static
../Core/Src/main.c:597:6:icm20948_spi_slave_enable	24	static
../Core/Src/main.c:605:6:icm20948_i2c_master_reset	24	static
../Core/Src/main.c:613:6:icm20948_i2c_master_enable	24	static
../Core/Src/main.c:622:6:icm20948_i2c_master_clk_frq	32	static
../Core/Src/main.c:630:6:icm20948_clock_source	32	static
../Core/Src/main.c:638:6:icm20948_odr_align_enable	8	static
../Core/Src/main.c:643:6:icm20948_gyro_low_pass_filter	32	static
../Core/Src/main.c:651:6:icm20948_accel_low_pass_filter	32	static
../Core/Src/main.c:659:6:icm20948_gyro_sample_rate_divider	16	static
../Core/Src/main.c:664:6:icm20948_accel_sample_rate_divider	32	static
../Core/Src/main.c:673:6:ak09916_operation_mode_setting	16	static
../Core/Src/main.c:679:6:icm20948_gyro_calibration	56	static
../Core/Src/main.c:711:6:icm20948_accel_calibration	80	static
../Core/Src/main.c:769:6:icm20948_gyro_full_scale_select	32	static
../Core/Src/main.c:796:6:icm20948_accel_full_scale_select	32	static
../Core/Src/main.c:825:13:cs_high	8	static
../Core/Src/main.c:830:13:cs_low	8	static
../Core/Src/main.c:835:13:select_user_bank	32	static
../Core/Src/main.c:846:16:read_single_icm20948_reg	32	static
../Core/Src/main.c:860:13:write_single_icm20948_reg	32	static
../Core/Src/main.c:873:17:read_multiple_icm20948_reg	32	static
../Core/Src/main.c:887:13:write_multiple_icm20948_reg	32	static
../Core/Src/main.c:898:16:read_single_ak09916_reg	16	static
../Core/Src/main.c:908:13:write_single_ak09916_reg	16	static
../Core/Src/main.c:916:17:read_multiple_ak09916_reg	16	static
../Core/Src/main.c:939:6:Error_Handler	8	static,ignoring_inline_asm
